Archive member included because of file (symbol)

e:/mentorgraphics/sourcerylite-2013.11.0.33/bin/../lib/gcc/arm-none-linux-gnueabi/4.8.1/armv4t\libgcc.a(_udivsi3.o)
                              ./lvgl/src/lv_objx/lv_calendar.o (__aeabi_uidiv)
e:/mentorgraphics/sourcerylite-2013.11.0.33/bin/../lib/gcc/arm-none-linux-gnueabi/4.8.1/armv4t\libgcc.a(_divsi3.o)
                              ./lvgl/src/lv_objx/lv_bar.o (__aeabi_idiv)
e:/mentorgraphics/sourcerylite-2013.11.0.33/bin/../lib/gcc/arm-none-linux-gnueabi/4.8.1/armv4t\libgcc.a(_dvmd_lnx.o)
                              e:/mentorgraphics/sourcerylite-2013.11.0.33/bin/../lib/gcc/arm-none-linux-gnueabi/4.8.1/armv4t\libgcc.a(_udivsi3.o) (__aeabi_idiv0)
e:\mentorgraphics\sourcerylite-2013.11.0.33\bin\../arm-none-linux-gnueabi/libc/armv4t/usr/lib/libc_nonshared.a(elf-init.oS)
                              e:/mentorgraphics/sourcerylite-2013.11.0.33/bin/../arm-none-linux-gnueabi/libc/armv4t/usr/lib/crt1.o (__libc_csu_init)

Allocating common symbols
Common symbol       size              file

_lv_draw_buf        0x4               ./lvgl/src/lv_misc/lv_gc.o
indev               0x4               ./main.o
lv_style_btn_ina    0x3c              ./lvgl/src/lv_core/lv_style.o
lv_style_transp     0x3c              ./lvgl/src/lv_core/lv_style.o
evdev_key_val       0x4               ./lv_drivers/indev/evdev.o
lv_style_transp_tight
                    0x3c              ./lvgl/src/lv_core/lv_style.o
lv_style_plain_color
                    0x3c              ./lvgl/src/lv_core/lv_style.o
lv_style_pretty     0x3c              ./lvgl/src/lv_core/lv_style.o
lv_style_pretty_color
                    0x3c              ./lvgl/src/lv_core/lv_style.o
lv_style_scr        0x3c              ./lvgl/src/lv_core/lv_style.o
_lv_file_ll         0xc               ./lvgl/src/lv_misc/lv_gc.o
evdev_button        0x4               ./lv_drivers/indev/evdev.o
_lv_task_act        0x4               ./lvgl/src/lv_misc/lv_gc.o
lv_style_btn_tgl_rel
                    0x3c              ./lvgl/src/lv_core/lv_style.o
_lv_img_cache_array
                    0x4               ./lvgl/src/lv_misc/lv_gc.o
evdev_root_y        0x4               ./lv_drivers/indev/evdev.o
_lv_img_defoder_ll  0xc               ./lvgl/src/lv_misc/lv_gc.o
lv_style_btn_tgl_pr
                    0x3c              ./lvgl/src/lv_core/lv_style.o
_lv_indev_ll        0xc               ./lvgl/src/lv_misc/lv_gc.o
_lv_group_ll        0xc               ./lvgl/src/lv_misc/lv_gc.o
_lv_task_ll         0xc               ./lvgl/src/lv_misc/lv_gc.o
lv_style_transp_fit
                    0x3c              ./lvgl/src/lv_core/lv_style.o
indev_drv           0x1c              ./main.o
lv_style_btn_rel    0x3c              ./lvgl/src/lv_core/lv_style.o
_lv_anim_ll         0xc               ./lvgl/src/lv_misc/lv_gc.o
_lv_drv_ll          0xc               ./lvgl/src/lv_misc/lv_gc.o
evdev_fd            0x4               ./lv_drivers/indev/evdev.o
_lv_disp_ll         0xc               ./lvgl/src/lv_misc/lv_gc.o
lv_style_plain      0x3c              ./lvgl/src/lv_core/lv_style.o
lv_style_btn_pr     0x3c              ./lvgl/src/lv_core/lv_style.o
evdev_root_x        0x4               ./lv_drivers/indev/evdev.o

Discarded input sections

 .rodata.cst4   0x00000000        0x4 e:/mentorgraphics/sourcerylite-2013.11.0.33/bin/../arm-none-linux-gnueabi/libc/armv4t/usr/lib/crt1.o
 .ARM.extab     0x00000000        0x0 e:/mentorgraphics/sourcerylite-2013.11.0.33/bin/../arm-none-linux-gnueabi/libc/armv4t/usr/lib/crt1.o
 .data          0x00000000        0x4 e:/mentorgraphics/sourcerylite-2013.11.0.33/bin/../arm-none-linux-gnueabi/libc/armv4t/usr/lib/crt1.o
 .bss           0x00000000        0x0 e:/mentorgraphics/sourcerylite-2013.11.0.33/bin/../arm-none-linux-gnueabi/libc/armv4t/usr/lib/crt1.o
 .note.GNU-stack
                0x00000000        0x0 e:/mentorgraphics/sourcerylite-2013.11.0.33/bin/../arm-none-linux-gnueabi/libc/armv4t/usr/lib/crt1.o
 .data          0x00000000        0x0 e:/mentorgraphics/sourcerylite-2013.11.0.33/bin/../arm-none-linux-gnueabi/libc/armv4t/usr/lib/crti.o
 .bss           0x00000000        0x0 e:/mentorgraphics/sourcerylite-2013.11.0.33/bin/../arm-none-linux-gnueabi/libc/armv4t/usr/lib/crti.o
 .note.GNU-stack
                0x00000000        0x0 e:/mentorgraphics/sourcerylite-2013.11.0.33/bin/../arm-none-linux-gnueabi/libc/armv4t/usr/lib/crti.o
 .data          0x00000000        0x4 e:/mentorgraphics/sourcerylite-2013.11.0.33/bin/../lib/gcc/arm-none-linux-gnueabi/4.8.1/armv4t/crtbegin.o
 .note.GNU-stack
                0x00000000        0x0 e:/mentorgraphics/sourcerylite-2013.11.0.33/bin/../lib/gcc/arm-none-linux-gnueabi/4.8.1/armv4t/crtbegin.o
 .text          0x00000000        0x0 ./lvgl/src/lv_themes/lv_theme.o
 .data          0x00000000        0x0 ./lvgl/src/lv_themes/lv_theme.o
 .bss           0x00000000        0x0 ./lvgl/src/lv_themes/lv_theme.o
 .text.lv_theme_set_current
[...]
Memory Configuration

Name             Origin             Length             Attributes
*default*        0x00000000         0xffffffff

Linker script and memory map

LOAD e:/mentorgraphics/sourcerylite-2013.11.0.33/bin/../arm-none-linux-gnueabi/libc/armv4t/usr/lib/crt1.o
LOAD e:/mentorgraphics/sourcerylite-2013.11.0.33/bin/../arm-none-linux-gnueabi/libc/armv4t/usr/lib/crti.o
LOAD e:/mentorgraphics/sourcerylite-2013.11.0.33/bin/../lib/gcc/arm-none-linux-gnueabi/4.8.1/armv4t/crtbegin.o
LOAD ./lvgl/src/lv_themes/lv_theme.o
LOAD ./lvgl/src/lv_themes/lv_theme_alien.o
LOAD ./lvgl/src/lv_themes/lv_theme_default.o
LOAD ./lvgl/src/lv_themes/lv_theme_material.o
LOAD ./lvgl/src/lv_themes/lv_theme_mono.o
LOAD ./lvgl/src/lv_themes/lv_theme_nemo.o
LOAD ./lvgl/src/lv_themes/lv_theme_night.o
LOAD ./lvgl/src/lv_themes/lv_theme_templ.o
LOAD ./lvgl/src/lv_themes/lv_theme_zen.o
LOAD ./lvgl/src/lv_objx/lv_arc.o
LOAD ./lvgl/src/lv_objx/lv_bar.o
LOAD ./lvgl/src/lv_objx/lv_btn.o
LOAD ./lvgl/src/lv_objx/lv_btnm.o
LOAD ./lvgl/src/lv_objx/lv_calendar.o
LOAD ./lvgl/src/lv_objx/lv_canvas.o
LOAD ./lvgl/src/lv_objx/lv_cb.o
LOAD ./lvgl/src/lv_objx/lv_chart.o
LOAD ./lvgl/src/lv_objx/lv_cont.o
LOAD ./lvgl/src/lv_objx/lv_ddlist.o
LOAD ./lvgl/src/lv_objx/lv_gauge.o
LOAD ./lvgl/src/lv_objx/lv_img.o
LOAD ./lvgl/src/lv_objx/lv_imgbtn.o
LOAD ./lvgl/src/lv_objx/lv_kb.o
LOAD ./lvgl/src/lv_objx/lv_label.o
LOAD ./lvgl/src/lv_objx/lv_led.o
LOAD ./lvgl/src/lv_objx/lv_line.o
LOAD ./lvgl/src/lv_objx/lv_list.o
LOAD ./lvgl/src/lv_objx/lv_lmeter.o
LOAD ./lvgl/src/lv_objx/lv_mbox.o
LOAD ./lvgl/src/lv_objx/lv_objx_templ.o
LOAD ./lvgl/src/lv_objx/lv_page.o
LOAD ./lvgl/src/lv_objx/lv_preload.o
LOAD ./lvgl/src/lv_objx/lv_roller.o
LOAD ./lvgl/src/lv_objx/lv_slider.o
LOAD ./lvgl/src/lv_objx/lv_spinbox.o
LOAD ./lvgl/src/lv_objx/lv_sw.o
LOAD ./lvgl/src/lv_objx/lv_ta.o
LOAD ./lvgl/src/lv_objx/lv_table.o
LOAD ./lvgl/src/lv_objx/lv_tabview.o
LOAD ./lvgl/src/lv_objx/lv_tileview.o
LOAD ./lvgl/src/lv_objx/lv_win.o
LOAD ./lvgl/src/lv_misc/lv_anim.o
LOAD ./lvgl/src/lv_misc/lv_area.o
LOAD ./lvgl/src/lv_misc/lv_async.o
LOAD ./lvgl/src/lv_misc/lv_circ.o
LOAD ./lvgl/src/lv_misc/lv_color.o
LOAD ./lvgl/src/lv_misc/lv_fs.o
LOAD ./lvgl/src/lv_misc/lv_gc.o
LOAD ./lvgl/src/lv_misc/lv_ll.o
LOAD ./lvgl/src/lv_misc/lv_log.o
LOAD ./lvgl/src/lv_misc/lv_math.o
LOAD ./lvgl/src/lv_misc/lv_mem.o
LOAD ./lvgl/src/lv_misc/lv_task.o
LOAD ./lvgl/src/lv_misc/lv_templ.o
LOAD ./lvgl/src/lv_misc/lv_txt.o
LOAD ./lvgl/src/lv_misc/lv_utils.o
LOAD ./lvgl/src/lv_hal/lv_hal_disp.o
LOAD ./lvgl/src/lv_hal/lv_hal_indev.o
LOAD ./lvgl/src/lv_hal/lv_hal_tick.o
LOAD ./lvgl/src/lv_font/lv_font.o
LOAD ./lvgl/src/lv_font/lv_font_fmt_txt.o
LOAD ./lvgl/src/lv_font/lv_font_roboto_12.o
LOAD ./lvgl/src/lv_font/lv_font_roboto_16.o
LOAD ./lvgl/src/lv_font/lv_font_roboto_22.o
LOAD ./lvgl/src/lv_font/lv_font_roboto_28.o
LOAD ./lvgl/src/lv_font/lv_font_unscii_8.o
LOAD ./lvgl/src/lv_draw/lv_draw.o
LOAD ./lvgl/src/lv_draw/lv_draw_arc.o
LOAD ./lvgl/src/lv_draw/lv_draw_basic.o
LOAD ./lvgl/src/lv_draw/lv_draw_img.o
LOAD ./lvgl/src/lv_draw/lv_draw_label.o
LOAD ./lvgl/src/lv_draw/lv_draw_line.o
LOAD ./lvgl/src/lv_draw/lv_draw_rect.o
LOAD ./lvgl/src/lv_draw/lv_draw_triangle.o
LOAD ./lvgl/src/lv_draw/lv_img_cache.o
LOAD ./lvgl/src/lv_draw/lv_img_decoder.o
LOAD ./lvgl/src/lv_core/lv_disp.o
LOAD ./lvgl/src/lv_core/lv_group.o
LOAD ./lvgl/src/lv_core/lv_indev.o
LOAD ./lvgl/src/lv_core/lv_obj.o
LOAD ./lvgl/src/lv_core/lv_refr.o
LOAD ./lvgl/src/lv_core/lv_style.o
LOAD ./lv_examples/lv_tutorial/9_responsive/lv_tutorial_responsive.o
LOAD ./lv_examples/lv_tutorial/8_animations/lv_tutorial_animations.o
LOAD ./lv_examples/lv_tutorial/7_fonts/arial_20.o
LOAD ./lv_examples/lv_tutorial/7_fonts/lv_tutorial_fonts.o
LOAD ./lv_examples/lv_tutorial/6_images/flower_icon_alpha.o
LOAD ./lv_examples/lv_tutorial/6_images/lv_tutorial_images.o
LOAD ./lv_examples/lv_tutorial/6_images/red_flower.o
LOAD ./lv_examples/lv_tutorial/6_images/red_rose_16.o
LOAD ./lv_examples/lv_tutorial/5_antialiasing/apple_icon_alpha.o
LOAD ./lv_examples/lv_tutorial/5_antialiasing/apple_icon_chroma.o
LOAD ./lv_examples/lv_tutorial/5_antialiasing/lv_tutorial_antialiasing.o
LOAD ./lv_examples/lv_tutorial/4_themes/lv_tutorial_themes.o
LOAD ./lv_examples/lv_tutorial/3_styles/lv_tutorial_styles.o
LOAD ./lv_examples/lv_tutorial/2_objects/lv_tutorial_objects.o
LOAD ./lv_examples/lv_tutorial/1_hello_world/lv_tutorial_hello_world.o
LOAD ./lv_examples/lv_tutorial/10_keyboard/lv_tutorial_keyboard.o
LOAD ./lv_examples/lv_tests/lv_test_theme/lv_test_theme_1.o
LOAD ./lv_examples/lv_tests/lv_test_theme/lv_test_theme_2.o
LOAD ./lv_examples/lv_tests/lv_test_stress/lv_test_stress.o
LOAD ./lv_examples/lv_tests/lv_test_objx/lv_test_win/lv_test_win.o
LOAD ./lv_examples/lv_tests/lv_test_objx/lv_test_tileview/lv_test_tileview.o
LOAD ./lv_examples/lv_tests/lv_test_objx/lv_test_tabview/lv_test_tabview.o
LOAD ./lv_examples/lv_tests/lv_test_objx/lv_test_table/lv_test_table.o
LOAD ./lv_examples/lv_tests/lv_test_objx/lv_test_ta/lv_test_ta.o
LOAD ./lv_examples/lv_tests/lv_test_objx/lv_test_sw/lv_test_sw.o
LOAD ./lv_examples/lv_tests/lv_test_objx/lv_test_slider/lv_test_slider.o
LOAD ./lv_examples/lv_tests/lv_test_objx/lv_test_roller/lv_test_roller.o
LOAD ./lv_examples/lv_tests/lv_test_objx/lv_test_preload/lv_test_preload.o
LOAD ./lv_examples/lv_tests/lv_test_objx/lv_test_page/lv_test_page.o
LOAD ./lv_examples/lv_tests/lv_test_objx/lv_test_mbox/lv_test_mbox.o
LOAD ./lv_examples/lv_tests/lv_test_objx/lv_test_lmeter/lv_test_lmeter.o
LOAD ./lv_examples/lv_tests/lv_test_objx/lv_test_list/lv_test_list.o
LOAD ./lv_examples/lv_tests/lv_test_objx/lv_test_line/lv_test_line.o
LOAD ./lv_examples/lv_tests/lv_test_objx/lv_test_led/lv_test_led.o
LOAD ./lv_examples/lv_tests/lv_test_objx/lv_test_label/lv_test_label.o
LOAD ./lv_examples/lv_tests/lv_test_objx/lv_test_kb/lv_test_kb.o
LOAD ./lv_examples/lv_tests/lv_test_objx/lv_test_imgbtn/imgbtn_img_1.o
LOAD ./lv_examples/lv_tests/lv_test_objx/lv_test_imgbtn/imgbtn_img_2.o
LOAD ./lv_examples/lv_tests/lv_test_objx/lv_test_imgbtn/imgbtn_img_3.o
LOAD ./lv_examples/lv_tests/lv_test_objx/lv_test_imgbtn/imgbtn_img_4.o
LOAD ./lv_examples/lv_tests/lv_test_objx/lv_test_imgbtn/lv_test_imgbtn.o
LOAD ./lv_examples/lv_tests/lv_test_objx/lv_test_img/img_flower_icon.o
LOAD ./lv_examples/lv_tests/lv_test_objx/lv_test_img/lv_test_img.o
LOAD ./lv_examples/lv_tests/lv_test_objx/lv_test_gauge/lv_test_gauge.o
LOAD ./lv_examples/lv_tests/lv_test_objx/lv_test_ddlist/lv_test_ddlist.o
LOAD ./lv_examples/lv_tests/lv_test_objx/lv_test_cont/lv_test_cont.o
LOAD ./lv_examples/lv_tests/lv_test_objx/lv_test_chart/lv_test_chart.o
LOAD ./lv_examples/lv_tests/lv_test_objx/lv_test_cb/lv_test_cb.o
LOAD ./lv_examples/lv_tests/lv_test_objx/lv_test_canvas/lv_test_canvas.o
LOAD ./lv_examples/lv_tests/lv_test_objx/lv_test_btnm/lv_test_btnm.o
LOAD ./lv_examples/lv_tests/lv_test_objx/lv_test_btn/lv_test_btn.o
LOAD ./lv_examples/lv_tests/lv_test_objx/lv_test_bar/lv_test_bar.o
LOAD ./lv_examples/lv_tests/lv_test_objx/lv_test_arc/lv_test_arc.o
LOAD ./lv_examples/lv_tests/lv_test_obj/lv_test_obj.o
LOAD ./lv_examples/lv_tests/lv_test_misc/lv_test_task.o
LOAD ./lv_examples/lv_tests/lv_test_group/lv_test_group.o
LOAD ./lv_examples/lv_apps/tpcal/tpcal.o
LOAD ./lv_examples/lv_apps/terminal/terminal.o
LOAD ./lv_examples/lv_apps/sysmon/sysmon.o
LOAD ./lv_examples/lv_apps/demo/demo.o
LOAD ./lv_examples/lv_apps/demo/img_bubble_pattern.o
LOAD ./lv_examples/lv_apps/benchmark/benchmark.o
LOAD ./lv_examples/lv_apps/benchmark/benchmark_bg.o
LOAD ./lv_drivers/indev/AD_touch.o
LOAD ./lv_drivers/indev/FT5406EE8.o
LOAD ./lv_drivers/indev/XPT2046.o
LOAD ./lv_drivers/indev/evdev.o
LOAD ./lv_drivers/indev/keyboard.o
LOAD ./lv_drivers/indev/libinput.o
LOAD ./lv_drivers/indev/mouse.o
LOAD ./lv_drivers/indev/mousewheel.o
LOAD ./lv_drivers/indev/touch.o
LOAD ./lv_drivers/display/R61581.o
LOAD ./lv_drivers/display/SHARP_MIP.o
LOAD ./lv_drivers/display/SSD1963.o
LOAD ./lv_drivers/display/ST7565.o
LOAD ./lv_drivers/display/UC1610.o
LOAD ./lv_drivers/display/fbdev.o
LOAD ./lv_drivers/display/monitor.o
LOAD ./lv_drivers/win_drv.o
LOAD ./main.o
LOAD e:/mentorgraphics/sourcerylite-2013.11.0.33/bin/../lib/gcc/arm-none-linux-gnueabi/4.8.1/armv4t\libgcc.a
LOAD e:/mentorgraphics/sourcerylite-2013.11.0.33/bin/../arm-none-linux-gnueabi/libc/armv4t/lib/libgcc_s.so
START GROUP
LOAD e:/mentorgraphics/sourcerylite-2013.11.0.33/bin/../arm-none-linux-gnueabi/libc/armv4t/lib\libgcc_s.so.1
LOAD e:/mentorgraphics/sourcerylite-2013.11.0.33/bin/../lib/gcc/arm-none-linux-gnueabi/4.8.1/armv4t\libgcc.a
END GROUP
LOAD e:/mentorgraphics/sourcerylite-2013.11.0.33/bin/../arm-none-linux-gnueabi/libc/armv4t/usr/lib/libc.so
START GROUP
LOAD e:\mentorgraphics\sourcerylite-2013.11.0.33\bin\../arm-none-linux-gnueabi/libc/armv4t/lib/libc.so.6
LOAD e:\mentorgraphics\sourcerylite-2013.11.0.33\bin\../arm-none-linux-gnueabi/libc/armv4t/usr/lib/libc_nonshared.a
LOAD e:\mentorgraphics\sourcerylite-2013.11.0.33\bin\../arm-none-linux-gnueabi/libc/armv4t/lib/ld-linux.so.3
END GROUP
LOAD e:/mentorgraphics/sourcerylite-2013.11.0.33/bin/../lib/gcc/arm-none-linux-gnueabi/4.8.1/armv4t\libgcc.a
LOAD e:/mentorgraphics/sourcerylite-2013.11.0.33/bin/../arm-none-linux-gnueabi/libc/armv4t/lib/libgcc_s.so
START GROUP
LOAD e:/mentorgraphics/sourcerylite-2013.11.0.33/bin/../arm-none-linux-gnueabi/libc/armv4t/lib\libgcc_s.so.1
LOAD e:/mentorgraphics/sourcerylite-2013.11.0.33/bin/../lib/gcc/arm-none-linux-gnueabi/4.8.1/armv4t\libgcc.a
END GROUP
LOAD e:/mentorgraphics/sourcerylite-2013.11.0.33/bin/../lib/gcc/arm-none-linux-gnueabi/4.8.1/armv4t/crtend.o
LOAD e:/mentorgraphics/sourcerylite-2013.11.0.33/bin/../arm-none-linux-gnueabi/libc/armv4t/usr/lib/crtn.o
                0x00008000                PROVIDE (__executable_start, 0x8000)
                0x00008134                . = (0x8000 + SIZEOF_HEADERS)

.interp         0x00008134       0x13
 *(.interp)
 .interp        0x00008134       0x13 e:/mentorgraphics/sourcerylite-2013.11.0.33/bin/../arm-none-linux-gnueabi/libc/armv4t/usr/lib/crt1.o

.note.ABI-tag   0x00008148       0x20
 .note.ABI-tag  0x00008148       0x20 e:/mentorgraphics/sourcerylite-2013.11.0.33/bin/../arm-none-linux-gnueabi/libc/armv4t/usr/lib/crt1.o

.note.gnu.build-id
 *(.note.gnu.build-id)

.hash           0x00008168       0xd0
 *(.hash)
 .hash          0x00008168       0xd0 e:/mentorgraphics/sourcerylite-2013.11.0.33/bin/../arm-none-linux-gnueabi/libc/armv4t/usr/lib/crt1.o

.gnu.hash
 *(.gnu.hash)

.dynsym         0x00008238      0x210
 *(.dynsym)
 .dynsym        0x00008238      0x210 e:/mentorgraphics/sourcerylite-2013.11.0.33/bin/../arm-none-linux-gnueabi/libc/armv4t/usr/lib/crt1.o

.dynstr         0x00008448      0x15d
 *(.dynstr)
 .dynstr        0x00008448      0x15d e:/mentorgraphics/sourcerylite-2013.11.0.33/bin/../arm-none-linux-gnueabi/libc/armv4t/usr/lib/crt1.o

.gnu.version    0x000085a6       0x42
 *(.gnu.version)
 .gnu.version   0x000085a6       0x42 e:/mentorgraphics/sourcerylite-2013.11.0.33/bin/../arm-none-linux-gnueabi/libc/armv4t/usr/lib/crt1.o

.gnu.version_d  0x000085e8        0x0
 *(.gnu.version_d)
 .gnu.version_d
                0x00000000        0x0 e:/mentorgraphics/sourcerylite-2013.11.0.33/bin/../arm-none-linux-gnueabi/libc/armv4t/usr/lib/crt1.o

.gnu.version_r  0x000085e8       0x40
 *(.gnu.version_r)
 .gnu.version_r
                0x000085e8       0x40 e:/mentorgraphics/sourcerylite-2013.11.0.33/bin/../arm-none-linux-gnueabi/libc/armv4t/usr/lib/crt1.o

.rel.dyn        0x00008628        0x8
 *(.rel.init)
 *(.rel.text .rel.text.* .rel.gnu.linkonce.t.*)
 *(.rel.fini)
 *(.rel.rodata .rel.rodata.* .rel.gnu.linkonce.r.*)
 *(.rel.data.rel.ro .rel.data.rel.ro.* .rel.gnu.linkonce.d.rel.ro.*)
 *(.rel.data .rel.data.* .rel.gnu.linkonce.d.*)
 *(.rel.tdata .rel.tdata.* .rel.gnu.linkonce.td.*)
 *(.rel.tbss .rel.tbss.* .rel.gnu.linkonce.tb.*)
 *(.rel.ctors)
 *(.rel.dtors)
 *(.rel.got)
 .rel.got       0x00008628        0x8 e:/mentorgraphics/sourcerylite-2013.11.0.33/bin/../arm-none-linux-gnueabi/libc/armv4t/usr/lib/crt1.o
 *(.rel.bss .rel.bss.* .rel.gnu.linkonce.b.*)
 .rel.bss       0x00000000        0x0 e:/mentorgraphics/sourcerylite-2013.11.0.33/bin/../arm-none-linux-gnueabi/libc/armv4t/usr/lib/crt1.o
                0x00008630                PROVIDE (__rel_iplt_start, .)
 *(.rel.iplt)
 .rel.iplt      0x00000000        0x0 e:/mentorgraphics/sourcerylite-2013.11.0.33/bin/../arm-none-linux-gnueabi/libc/armv4t/usr/lib/crt1.o
                0x00008630                PROVIDE (__rel_iplt_end, .)
                0x00008630                PROVIDE (__rela_iplt_start, .)
                0x00008630                PROVIDE (__rela_iplt_end, .)

.rela.dyn       0x00008630        0x0
 *(.rela.init)
 *(.rela.text .rela.text.* .rela.gnu.linkonce.t.*)
 *(.rela.fini)
 *(.rela.rodata .rela.rodata.* .rela.gnu.linkonce.r.*)
 *(.rela.data .rela.data.* .rela.gnu.linkonce.d.*)
 *(.rela.tdata .rela.tdata.* .rela.gnu.linkonce.td.*)
 *(.rela.tbss .rela.tbss.* .rela.gnu.linkonce.tb.*)
 *(.rela.ctors)
 *(.rela.dtors)
 *(.rela.got)
 *(.rela.bss .rela.bss.* .rela.gnu.linkonce.b.*)
                0x00008630                PROVIDE (__rel_iplt_start, .)
                0x00008630                PROVIDE (__rel_iplt_end, .)
                0x00008630                PROVIDE (__rela_iplt_start, .)
 *(.rela.iplt)
                0x00008630                PROVIDE (__rela_iplt_end, .)

.rel.plt        0x00008630       0xd8
 *(.rel.plt)
 .rel.plt       0x00008630       0xd8 e:/mentorgraphics/sourcerylite-2013.11.0.33/bin/../arm-none-linux-gnueabi/libc/armv4t/usr/lib/crt1.o

.rela.plt
 *(.rela.plt)

.init           0x00008708       0x10
 *(SORT(.init))
 .init          0x00008708        0x8 e:/mentorgraphics/sourcerylite-2013.11.0.33/bin/../arm-none-linux-gnueabi/libc/armv4t/usr/lib/crti.o
                0x00008708                _init
 .init          0x00008710        0x8 e:/mentorgraphics/sourcerylite-2013.11.0.33/bin/../arm-none-linux-gnueabi/libc/armv4t/usr/lib/crtn.o

.plt            0x00008718      0x158
 *(.plt)
 .plt           0x00008718      0x158 e:/mentorgraphics/sourcerylite-2013.11.0.33/bin/../arm-none-linux-gnueabi/libc/armv4t/usr/lib/crt1.o
                0x0000872c                raise@@GLIBC_2.4
                0x00008738                strcmp@@GLIBC_2.4
                0x00008744                printf@@GLIBC_2.4
                0x00008750                fopen@@GLIBC_2.4
                0x0000875c                read@@GLIBC_2.4
                0x00008768                fgets@@GLIBC_2.4
                0x00008774                memcpy@@GLIBC_2.4
                0x00008780                perror@@GLIBC_2.4
                0x0000878c                ioctl@@GLIBC_2.4
                0x00008798                usleep@@GLIBC_2.4
                0x000087a4                strcpy@@GLIBC_2.4
                0x000087b0                gettimeofday@@GLIBC_2.4
                0x000087bc                puts@@GLIBC_2.4
                0x000087c8                __libc_start_main@@GLIBC_2.4
                0x000087e0                open@@GLIBC_2.4
                0x000087ec                exit@@GLIBC_2.4
                0x000087f8                strlen@@GLIBC_2.4
                0x00008804                mmap@@GLIBC_2.4
                0x00008810                fprintf@@GLIBC_2.4
                0x0000881c                fcntl@@GLIBC_2.4
                0x00008828                memset@@GLIBC_2.4
                0x00008834                fclose@@GLIBC_2.4
                0x00008840                strtok@@GLIBC_2.4
                0x0000884c                sprintf@@GLIBC_2.4
                0x00008858                atoi@@GLIBC_2.4
                0x00008864                abort@@GLIBC_2.4

.iplt           0x00008870        0x0
 *(.iplt)
 .iplt          0x00000000        0x0 e:/mentorgraphics/sourcerylite-2013.11.0.33/bin/../arm-none-linux-gnueabi/libc/armv4t/usr/lib/crt1.o

.text           0x00008870    0x20c30
 *(.text.unlikely .text.*_unlikely .text.unlikely.*)
 *(.text.exit .text.exit.*)
 *(.text.startup .text.startup.*)
 .text.startup.main
                0x00008870       0xc4 ./main.o
                0x00008870                main
 *(.text.hot .text.hot.*)
 *(.text .stub .text.* .gnu.linkonce.t.*)
 .text          0x00008934       0x3c e:/mentorgraphics/sourcerylite-2013.11.0.33/bin/../arm-none-linux-gnueabi/libc/armv4t/usr/lib/crt1.o
                0x00008934                _start
 .text          0x00008970       0x24 e:/mentorgraphics/sourcerylite-2013.11.0.33/bin/../arm-none-linux-gnueabi/libc/armv4t/usr/lib/crti.o
 .text          0x00008994       0xf0 e:/mentorgraphics/sourcerylite-2013.11.0.33/bin/../lib/gcc/arm-none-linux-gnueabi/4.8.1/armv4t/crtbegin.o
 .text.lv_theme_get_current
                0x00008a84       0x10 ./lvgl/src/lv_themes/lv_theme.o
                0x00008a84                lv_theme_get_current
 .text.lv_bar_anim
                0x00008a94       0x24 ./lvgl/src/lv_objx/lv_bar.o
 .text.lv_bar_signal
                0x00008ab8       0xa0 ./lvgl/src/lv_objx/lv_bar.o
 .text.lv_bar_set_value
                0x00008b58       0xec ./lvgl/src/lv_objx/lv_bar.o
                0x00008b58                lv_bar_set_value
 .text.lv_bar_anim_ready
                0x00008c44       0x30 ./lvgl/src/lv_objx/lv_bar.o
 .text.lv_bar_set_range
                0x00008c74       0x80 ./lvgl/src/lv_objx/lv_bar.o
                0x00008c74                lv_bar_set_range
 .text.lv_bar_set_style
                0x00008cf4       0x48 ./lvgl/src/lv_objx/lv_bar.o
                0x00008cf4                lv_bar_set_style
 .text.lv_bar_create
                0x00008d3c      0x1a8 ./lvgl/src/lv_objx/lv_bar.o
                0x00008d3c                lv_bar_create
 .text.lv_bar_get_value
                0x00008ee4       0x28 ./lvgl/src/lv_objx/lv_bar.o
                0x00008ee4                lv_bar_get_value
 .text.lv_bar_get_min_value
                0x00008f0c       0x14 ./lvgl/src/lv_objx/lv_bar.o
                0x00008f0c                lv_bar_get_min_value
 .text.lv_bar_get_max_value
                0x00008f20       0x14 ./lvgl/src/lv_objx/lv_bar.o
                0x00008f20                lv_bar_get_max_value
 .text.lv_bar_get_style
                0x00008f34       0x38 ./lvgl/src/lv_objx/lv_bar.o
                0x00008f34                lv_bar_get_style
 .text.lv_bar_design
                0x00008f6c      0x3f4 ./lvgl/src/lv_objx/lv_bar.o
 .text.lv_btn_design
                0x00009360       0x40 ./lvgl/src/lv_objx/lv_btn.o
 .text.lv_btn_set_state
                0x000093a0       0x48 ./lvgl/src/lv_objx/lv_btn.o
                0x000093a0                lv_btn_set_state
 .text.lv_btn_set_style
                0x000093e8       0x78 ./lvgl/src/lv_objx/lv_btn.o
                0x000093e8                lv_btn_set_style
 .text.lv_btn_create
                0x00009460      0x1c8 ./lvgl/src/lv_objx/lv_btn.o
                0x00009460                lv_btn_create
 .text.lv_btn_get_state
                0x00009628       0x18 ./lvgl/src/lv_objx/lv_btn.o
                0x00009628                lv_btn_get_state
 .text.lv_btn_get_toggle
                0x00009640       0x1c ./lvgl/src/lv_objx/lv_btn.o
                0x00009640                lv_btn_get_toggle
 .text.lv_btn_signal
                0x0000965c      0x240 ./lvgl/src/lv_objx/lv_btn.o
 .text.invalidate_button_area
                0x0000989c       0x98 ./lvgl/src/lv_objx/lv_btnm.o
 .text.lv_btnm_design
                0x00009934      0x3d8 ./lvgl/src/lv_objx/lv_btnm.o
 .text.get_button_from_point
                0x00009d0c       0xc0 ./lvgl/src/lv_objx/lv_btnm.o
 .text.lv_btnm_set_style
                0x00009dcc       0x7c ./lvgl/src/lv_objx/lv_btnm.o
                0x00009dcc                lv_btnm_set_style
 .text.lv_btnm_set_btn_ctrl
                0x00009e48       0x4c ./lvgl/src/lv_objx/lv_btnm.o
                0x00009e48                lv_btnm_set_btn_ctrl
 .text.lv_btnm_clear_btn_ctrl
                0x00009e94       0x4c ./lvgl/src/lv_objx/lv_btnm.o
                0x00009e94                lv_btnm_clear_btn_ctrl
 .text.lv_btnm_set_btn_ctrl_all
                0x00009ee0       0x4c ./lvgl/src/lv_objx/lv_btnm.o
                0x00009ee0                lv_btnm_set_btn_ctrl_all
 .text.lv_btnm_clear_btn_ctrl_all
                0x00009f2c       0x4c ./lvgl/src/lv_objx/lv_btnm.o
                0x00009f2c                lv_btnm_clear_btn_ctrl_all
 .text.lv_btnm_get_map_array
                0x00009f78       0x14 ./lvgl/src/lv_objx/lv_btnm.o
                0x00009f78                lv_btnm_get_map_array
 .text.lv_btnm_get_active_btn
                0x00009f8c       0x14 ./lvgl/src/lv_objx/lv_btnm.o
                0x00009f8c                lv_btnm_get_active_btn
 .text.lv_btnm_get_btn_text
                0x00009fa0       0x8c ./lvgl/src/lv_objx/lv_btnm.o
                0x00009fa0                lv_btnm_get_btn_text
 .text.lv_btnm_get_active_btn_text
                0x0000a02c       0x34 ./lvgl/src/lv_objx/lv_btnm.o
                0x0000a02c                lv_btnm_get_active_btn_text
 .text.lv_btnm_get_btn_ctrl
                0x0000a060       0x40 ./lvgl/src/lv_objx/lv_btnm.o
                0x0000a060                lv_btnm_get_btn_ctrl
 .text.make_one_button_toggled
                0x0000a0a0       0x44 ./lvgl/src/lv_objx/lv_btnm.o
 .text.lv_btnm_get_style
                0x0000a0e4       0x74 ./lvgl/src/lv_objx/lv_btnm.o
                0x0000a0e4                lv_btnm_get_style
 .text.lv_btnm_set_map
                0x0000a158      0x4a0 ./lvgl/src/lv_objx/lv_btnm.o
                0x0000a158                lv_btnm_set_map
 .text.lv_btnm_create
                0x0000a5f8      0x1d4 ./lvgl/src/lv_objx/lv_btnm.o
                0x0000a5f8                lv_btnm_create
 .text.lv_btnm_set_ctrl_map
                0x0000a7cc       0x38 ./lvgl/src/lv_objx/lv_btnm.o
                0x0000a7cc                lv_btnm_set_ctrl_map
 .text.lv_btnm_signal
                0x0000a804      0x51c ./lvgl/src/lv_objx/lv_btnm.o
 .text.lv_chart_draw_lines
                0x0000ad20      0x1f4 ./lvgl/src/lv_objx/lv_chart.o
 .text.lv_chart_inv_lines
                0x0000af14      0x10c ./lvgl/src/lv_objx/lv_chart.o
 .text.lv_chart_signal
                0x0000b020       0xd8 ./lvgl/src/lv_objx/lv_chart.o
 .text.lv_chart_design
                0x0000b0f8     0x10fc ./lvgl/src/lv_objx/lv_chart.o
 .text.lv_chart_create
                0x0000c1f4      0x1e0 ./lvgl/src/lv_objx/lv_chart.o
                0x0000c1f4                lv_chart_create
 .text.lv_chart_add_series
                0x0000c3d4       0x84 ./lvgl/src/lv_objx/lv_chart.o
                0x0000c3d4                lv_chart_add_series
 .text.lv_chart_set_range
                0x0000c458       0x44 ./lvgl/src/lv_objx/lv_chart.o
                0x0000c458                lv_chart_set_range
 .text.lv_chart_set_type
                0x0000c49c       0x2c ./lvgl/src/lv_objx/lv_chart.o
                0x0000c49c                lv_chart_set_type
 .text.lv_chart_set_series_opa
                0x0000c4c8       0x2c ./lvgl/src/lv_objx/lv_chart.o
                0x0000c4c8                lv_chart_set_series_opa
 .text.lv_chart_set_next
                0x0000c4f4      0x1bc ./lvgl/src/lv_objx/lv_chart.o
                0x0000c4f4                lv_chart_set_next
 .text.lv_cont_refr_autofit
                0x0000c6b0      0x424 ./lvgl/src/lv_objx/lv_cont.o
 .text.lv_cont_create
                0x0000cad4      0x148 ./lvgl/src/lv_objx/lv_cont.o
                0x0000cad4                lv_cont_create
 .text.lv_cont_set_layout
                0x0000cc1c       0x50 ./lvgl/src/lv_objx/lv_cont.o
                0x0000cc1c                lv_cont_set_layout
 .text.lv_cont_set_fit4
                0x0000cc6c       0xbc ./lvgl/src/lv_objx/lv_cont.o
                0x0000cc6c                lv_cont_set_fit4
 .text.lv_cont_get_layout
                0x0000cd28       0x18 ./lvgl/src/lv_objx/lv_cont.o
                0x0000cd28                lv_cont_get_layout
 .text.lv_cont_refr_layout
                0x0000cd40      0x900 ./lvgl/src/lv_objx/lv_cont.o
 .text.lv_cont_signal
                0x0000d640       0xf8 ./lvgl/src/lv_objx/lv_cont.o
 .text.lv_cont_get_fit_left
                0x0000d738       0x1c ./lvgl/src/lv_objx/lv_cont.o
                0x0000d738                lv_cont_get_fit_left
 .text.lv_cont_get_fit_top
                0x0000d754       0x18 ./lvgl/src/lv_objx/lv_cont.o
                0x0000d754                lv_cont_get_fit_top
 .text.lv_img_design
                0x0000d76c      0x1f8 ./lvgl/src/lv_objx/lv_img.o
 .text.lv_img_get_src
                0x0000d964       0x14 ./lvgl/src/lv_objx/lv_img.o
                0x0000d964                lv_img_get_src
 .text.lv_img_get_auto_size
                0x0000d978       0x1c ./lvgl/src/lv_objx/lv_img.o
                0x0000d978                lv_img_get_auto_size
 .text.lv_img_set_src
                0x0000d994      0x1d8 ./lvgl/src/lv_objx/lv_img.o
                0x0000d994                lv_img_set_src
 .text.lv_img_create
                0x0000db6c      0x140 ./lvgl/src/lv_objx/lv_img.o
                0x0000db6c                lv_img_create
 .text.lv_img_signal
                0x0000dcac       0xe0 ./lvgl/src/lv_objx/lv_img.o
 .text.lv_kb_signal
                0x0000dd8c       0xf8 ./lvgl/src/lv_objx/lv_kb.o
 .text.lv_kb_create
                0x0000de84      0x1b4 ./lvgl/src/lv_objx/lv_kb.o
                0x0000de84                lv_kb_create
 .text.lv_kb_set_ta
                0x0000e038       0x70 ./lvgl/src/lv_objx/lv_kb.o
                0x0000e038                lv_kb_set_ta
 .text.lv_kb_def_event_cb
                0x0000e0a8      0x300 ./lvgl/src/lv_objx/lv_kb.o
                0x0000e0a8                lv_kb_def_event_cb
 .text.lv_kb_set_style
                0x0000e3a8       0x60 ./lvgl/src/lv_objx/lv_kb.o
                0x0000e3a8                lv_kb_set_style
 .text.lv_label_dot_tmp_free
                0x0000e408       0x40 ./lvgl/src/lv_objx/lv_label.o
 .text.lv_label_revert_dots
                0x0000e448       0xb8 ./lvgl/src/lv_objx/lv_label.o
 .text.lv_label_set_offset_y
                0x0000e500       0x24 ./lvgl/src/lv_objx/lv_label.o
 .text.lv_label_set_offset_x
                0x0000e524       0x24 ./lvgl/src/lv_objx/lv_label.o
 .text.lv_label_set_dot_tmp
                0x0000e548       0x90 ./lvgl/src/lv_objx/lv_label.o
 .text.lv_label_design
                0x0000e5d8      0x300 ./lvgl/src/lv_objx/lv_label.o
 .text.lv_label_set_align
                0x0000e8d8       0x44 ./lvgl/src/lv_objx/lv_label.o
                0x0000e8d8                lv_label_set_align
 .text.lv_label_set_body_draw
                0x0000e91c       0x48 ./lvgl/src/lv_objx/lv_label.o
                0x0000e91c                lv_label_set_body_draw
 .text.lv_label_get_text
                0x0000e964       0x14 ./lvgl/src/lv_objx/lv_label.o
                0x0000e964                lv_label_get_text
 .text.lv_label_get_long_mode
                0x0000e978       0x18 ./lvgl/src/lv_objx/lv_label.o
                0x0000e978                lv_label_get_long_mode
 .text.lv_label_get_align
                0x0000e990       0x1c ./lvgl/src/lv_objx/lv_label.o
                0x0000e990                lv_label_get_align
 .text.lv_label_get_recolor
                0x0000e9ac       0x1c ./lvgl/src/lv_objx/lv_label.o
                0x0000e9ac                lv_label_get_recolor
 .text.lv_label_get_body_draw
                0x0000e9c8       0x18 ./lvgl/src/lv_objx/lv_label.o
                0x0000e9c8                lv_label_get_body_draw
 .text.lv_label_get_letter_pos
                0x0000e9e0      0x288 ./lvgl/src/lv_objx/lv_label.o
                0x0000e9e0                lv_label_get_letter_pos
 .text.lv_label_get_letter_on
                0x0000ec68      0x274 ./lvgl/src/lv_objx/lv_label.o
                0x0000ec68                lv_label_get_letter_on
 .text.lv_label_refr_text
                0x0000eedc      0x4e8 ./lvgl/src/lv_objx/lv_label.o
 .text.lv_label_signal
                0x0000f3c4      0x18c ./lvgl/src/lv_objx/lv_label.o
 .text.lv_label_set_text
                0x0000f550       0xc0 ./lvgl/src/lv_objx/lv_label.o
                0x0000f550                lv_label_set_text
 .text.lv_label_set_static_text
                0x0000f610       0x58 ./lvgl/src/lv_objx/lv_label.o
                0x0000f610                lv_label_set_static_text
 .text.lv_label_set_long_mode
                0x0000f668       0xc4 ./lvgl/src/lv_objx/lv_label.o
                0x0000f668                lv_label_set_long_mode
 .text.lv_label_set_recolor
                0x0000f72c       0x48 ./lvgl/src/lv_objx/lv_label.o
                0x0000f72c                lv_label_set_recolor
 .text.lv_label_create
                0x0000f774      0x250 ./lvgl/src/lv_objx/lv_label.o
                0x0000f774                lv_label_create
 .text.lv_label_ins_text
                0x0000f9c4       0xb0 ./lvgl/src/lv_objx/lv_label.o
                0x0000f9c4                lv_label_ins_text
 .text.lv_list_is_list_btn
                0x0000fa74       0x58 ./lvgl/src/lv_objx/lv_list.o
 .text.lv_list_set_btn_selected
                0x0000facc       0xa8 ./lvgl/src/lv_objx/lv_list.o
                0x0000facc                lv_list_set_btn_selected
 .text.lv_list_add_btn
                0x0000fb74      0x208 ./lvgl/src/lv_objx/lv_list.o
                0x0000fb74                lv_list_add_btn
 .text.lv_list_get_btn_label
                0x0000fd7c       0x7c ./lvgl/src/lv_objx/lv_list.o
                0x0000fd7c                lv_list_get_btn_label
 .text.lv_list_get_btn_text
                0x0000fdf8       0x28 ./lvgl/src/lv_objx/lv_list.o
                0x0000fdf8                lv_list_get_btn_text
 .text.lv_list_get_btn_img
                0x0000fe20       0x7c ./lvgl/src/lv_objx/lv_list.o
                0x0000fe20                lv_list_get_btn_img
 .text.lv_list_get_prev_btn
                0x0000fe9c       0x44 ./lvgl/src/lv_objx/lv_list.o
                0x0000fe9c                lv_list_get_prev_btn
 .text.lv_list_set_style
                0x0000fee0      0x110 ./lvgl/src/lv_objx/lv_list.o
                0x0000fee0                lv_list_set_style
 .text.lv_list_get_next_btn
                0x0000fff0       0x44 ./lvgl/src/lv_objx/lv_list.o
                0x0000fff0                lv_list_get_next_btn
 .text.lv_list_create
                0x00010034      0x28c ./lvgl/src/lv_objx/lv_list.o
                0x00010034                lv_list_create
 .text.lv_list_signal
                0x000102c0      0x310 ./lvgl/src/lv_objx/lv_list.o
 .text.lv_list_get_btn_selected
                0x000105d0       0x14 ./lvgl/src/lv_objx/lv_list.o
                0x000105d0                lv_list_get_btn_selected
 .text.lv_list_btn_signal
                0x000105e4      0x1b0 ./lvgl/src/lv_objx/lv_list.o
 .text.lv_mbox_btnm_event_cb
                0x00010794       0x3c ./lvgl/src/lv_objx/lv_mbox.o
 .text.lv_mbox_close_ready_cb
                0x000107d0       0x14 ./lvgl/src/lv_objx/lv_mbox.o
 .text.lv_mbox_get_active_btn
                0x000107e4       0x24 ./lvgl/src/lv_objx/lv_mbox.o
                0x000107e4                lv_mbox_get_active_btn
 .text.lv_mbox_get_anim_time
                0x00010808       0x14 ./lvgl/src/lv_objx/lv_mbox.o
                0x00010808                lv_mbox_get_anim_time
 .text.lv_mbox_start_auto_close
                0x0001081c      0x110 ./lvgl/src/lv_objx/lv_mbox.o
                0x0001081c                lv_mbox_start_auto_close
 .text.lv_mbox_default_event_cb
                0x0001092c       0x38 ./lvgl/src/lv_objx/lv_mbox.o
 .text.lv_mbox_get_style
                0x00010964       0x9c ./lvgl/src/lv_objx/lv_mbox.o
                0x00010964                lv_mbox_get_style
 .text.mbox_realign
                0x00010a00       0xc8 ./lvgl/src/lv_objx/lv_mbox.o
 .text.lv_mbox_signal
                0x00010ac8      0x1bc ./lvgl/src/lv_objx/lv_mbox.o
 .text.lv_mbox_set_text
                0x00010c84       0x28 ./lvgl/src/lv_objx/lv_mbox.o
                0x00010c84                lv_mbox_set_text
 .text.lv_mbox_set_style
                0x00010cac       0xa8 ./lvgl/src/lv_objx/lv_mbox.o
                0x00010cac                lv_mbox_set_style
 .text.lv_mbox_create
                0x00010d54      0x174 ./lvgl/src/lv_objx/lv_mbox.o
                0x00010d54                lv_mbox_create
 .text.lv_mbox_add_btns
                0x00010ec8       0xb4 ./lvgl/src/lv_objx/lv_mbox.o
                0x00010ec8                lv_mbox_add_btns
 .text.lv_area_copy
                0x00010f7c       0x14 ./lvgl/src/lv_objx/lv_page.o
 .text.scrl_def_event_cb
                0x00010f90       0x34 ./lvgl/src/lv_objx/lv_page.o
 .text.lv_page_sb_refresh
                0x00010fc4      0x56c ./lvgl/src/lv_objx/lv_page.o
 .text.edge_flash_anim_end
                0x00011530       0x2c ./lvgl/src/lv_objx/lv_page.o
 .text.edge_flash_anim
                0x0001155c       0x24 ./lvgl/src/lv_objx/lv_page.o
 .text.lv_scrl_design
                0x00011580      0x11c ./lvgl/src/lv_objx/lv_page.o
 .text.lv_page_set_sb_mode
                0x0001169c       0x98 ./lvgl/src/lv_objx/lv_page.o
                0x0001169c                lv_page_set_sb_mode
 .text.lv_page_set_anim_time
                0x00011734       0x18 ./lvgl/src/lv_objx/lv_page.o
                0x00011734                lv_page_set_anim_time
 .text.lv_page_set_edge_flash
                0x0001174c       0x28 ./lvgl/src/lv_objx/lv_page.o
                0x0001174c                lv_page_set_edge_flash
 .text.lv_page_set_style
                0x00011774       0x94 ./lvgl/src/lv_objx/lv_page.o
                0x00011774                lv_page_set_style
 .text.lv_page_get_scrl
                0x00011808       0x14 ./lvgl/src/lv_objx/lv_page.o
                0x00011808                lv_page_get_scrl
 .text.lv_page_get_anim_time
                0x0001181c       0x14 ./lvgl/src/lv_objx/lv_page.o
                0x0001181c                lv_page_get_anim_time
 .text.lv_page_get_edge_flash
                0x00011830       0x18 ./lvgl/src/lv_objx/lv_page.o
                0x00011830                lv_page_get_edge_flash
 .text.lv_page_get_style
                0x00011848       0x5c ./lvgl/src/lv_objx/lv_page.o
                0x00011848                lv_page_get_style
 .text.lv_page_create
                0x000118a4      0x2d4 ./lvgl/src/lv_objx/lv_page.o
                0x000118a4                lv_page_create
 .text.lv_page_design
                0x00011b78      0x334 ./lvgl/src/lv_objx/lv_page.o
 .text.lv_page_get_fit_width
                0x00011eac       0x5c ./lvgl/src/lv_objx/lv_page.o
                0x00011eac                lv_page_get_fit_width
 .text.lv_page_on_edge
                0x00011f08       0xc8 ./lvgl/src/lv_objx/lv_page.o
                0x00011f08                lv_page_on_edge
 .text.lv_page_glue_obj
                0x00011fd0       0x24 ./lvgl/src/lv_objx/lv_page.o
                0x00011fd0                lv_page_glue_obj
 .text.lv_page_focus
                0x00011ff4      0x350 ./lvgl/src/lv_objx/lv_page.o
                0x00011ff4                lv_page_focus
 .text.lv_page_scroll_hor
                0x00012344       0x78 ./lvgl/src/lv_objx/lv_page.o
                0x00012344                lv_page_scroll_hor
 .text.lv_page_scroll_ver
                0x000123bc       0x78 ./lvgl/src/lv_objx/lv_page.o
                0x000123bc                lv_page_scroll_ver
 .text.lv_page_signal
                0x00012434      0x3b0 ./lvgl/src/lv_objx/lv_page.o
 .text.lv_page_start_edge_flash
                0x000127e4       0x8c ./lvgl/src/lv_objx/lv_page.o
                0x000127e4                lv_page_start_edge_flash
 .text.lv_page_scrollable_signal
                0x00012870      0x624 ./lvgl/src/lv_objx/lv_page.o
 .text.lv_slider_set_style
                0x00012e94       0x5c ./lvgl/src/lv_objx/lv_slider.o
                0x00012e94                lv_slider_set_style
 .text.lv_slider_create
                0x00012ef0      0x154 ./lvgl/src/lv_objx/lv_slider.o
                0x00012ef0                lv_slider_create
 .text.lv_slider_get_value
                0x00013044       0x34 ./lvgl/src/lv_objx/lv_slider.o
                0x00013044                lv_slider_get_value
 .text.lv_slider_get_style
                0x00013078       0x4c ./lvgl/src/lv_objx/lv_slider.o
                0x00013078                lv_slider_get_style
 .text.lv_slider_design
                0x000130c4      0x754 ./lvgl/src/lv_objx/lv_slider.o
 .text.lv_slider_signal
                0x00013818      0x3e8 ./lvgl/src/lv_objx/lv_slider.o
 .text.pwd_char_hider_anim
                0x00013c00        0x4 ./lvgl/src/lv_objx/lv_ta.o
 .text.cursor_blink_anim
                0x00013c04       0xc0 ./lvgl/src/lv_objx/lv_ta.o
 .text.pwd_char_hider
                0x00013cc4       0x8c ./lvgl/src/lv_objx/lv_ta.o
 .text.pwd_char_hider_anim_ready
                0x00013d50        0x8 ./lvgl/src/lv_objx/lv_ta.o
 .text.get_cursor_style
                0x00013d58       0x8c ./lvgl/src/lv_objx/lv_ta.o
 .text.lv_page_set_scrl_fit2
                0x00013de4       0x30 ./lvgl/src/lv_objx/lv_ta.o
 .text.lv_ta_design
                0x00013e14       0x70 ./lvgl/src/lv_objx/lv_ta.o
 .text.lv_ta_scrollable_design
                0x00013e84      0x210 ./lvgl/src/lv_objx/lv_ta.o
 .text.lv_ta_set_text_sel
                0x00014094        0x4 ./lvgl/src/lv_objx/lv_ta.o
                0x00014094                lv_ta_set_text_sel
 .text.lv_ta_get_text
                0x00014098       0x24 ./lvgl/src/lv_objx/lv_ta.o
                0x00014098                lv_ta_get_text
 .text.placeholder_update
                0x000140bc       0x94 ./lvgl/src/lv_objx/lv_ta.o
 .text.lv_ta_get_cursor_pos
                0x00014150       0x14 ./lvgl/src/lv_objx/lv_ta.o
                0x00014150                lv_ta_get_cursor_pos
 .text.refr_cursor_area
                0x00014164      0x3b8 ./lvgl/src/lv_objx/lv_ta.o
 .text.lv_ta_set_cursor_pos
                0x0001451c      0x24c ./lvgl/src/lv_objx/lv_ta.o
                0x0001451c                lv_ta_set_cursor_pos
 .text.update_cursor_position_on_click
                0x00014768      0x100 ./lvgl/src/lv_objx/lv_ta.o
 .text.lv_ta_scrollable_signal
                0x00014868      0x14c ./lvgl/src/lv_objx/lv_ta.o
 .text.lv_ta_set_cursor_type
                0x000149b4       0x44 ./lvgl/src/lv_objx/lv_ta.o
                0x000149b4                lv_ta_set_cursor_type
 .text.lv_ta_set_one_line
                0x000149f8      0x148 ./lvgl/src/lv_objx/lv_ta.o
                0x000149f8                lv_ta_set_one_line
 .text.lv_ta_set_style
                0x00014b40       0x94 ./lvgl/src/lv_objx/lv_ta.o
                0x00014b40                lv_ta_set_style
 .text.lv_ta_create
                0x00014bd4      0x398 ./lvgl/src/lv_objx/lv_ta.o
                0x00014bd4                lv_ta_create
 .text.lv_ta_get_cursor_type
                0x00014f6c       0x18 ./lvgl/src/lv_objx/lv_ta.o
                0x00014f6c                lv_ta_get_cursor_type
 .text.lv_ta_get_accepted_chars
                0x00014f84       0x14 ./lvgl/src/lv_objx/lv_ta.o
                0x00014f84                lv_ta_get_accepted_chars
 .text.lv_ta_get_max_length
                0x00014f98       0x14 ./lvgl/src/lv_objx/lv_ta.o
                0x00014f98                lv_ta_get_max_length
 .text.lv_ta_add_text
                0x00014fac      0x244 ./lvgl/src/lv_objx/lv_ta.o
                0x00014fac                lv_ta_add_text
 .text.lv_ta_add_char
                0x000151f0      0x288 ./lvgl/src/lv_objx/lv_ta.o
                0x000151f0                lv_ta_add_char
 .text.lv_ta_del_char
                0x00015478      0x194 ./lvgl/src/lv_objx/lv_ta.o
                0x00015478                lv_ta_del_char
 .text.lv_ta_del_char_forward
                0x0001560c       0x44 ./lvgl/src/lv_objx/lv_ta.o
                0x0001560c                lv_ta_del_char_forward
 .text.lv_ta_set_text
                0x00015650      0x1cc ./lvgl/src/lv_objx/lv_ta.o
                0x00015650                lv_ta_set_text
 .text.lv_ta_cursor_right
                0x0001581c       0x24 ./lvgl/src/lv_objx/lv_ta.o
                0x0001581c                lv_ta_cursor_right
 .text.lv_ta_cursor_left
                0x00015840       0x34 ./lvgl/src/lv_objx/lv_ta.o
                0x00015840                lv_ta_cursor_left
 .text.lv_ta_cursor_down
                0x00015874       0xa8 ./lvgl/src/lv_objx/lv_ta.o
                0x00015874                lv_ta_cursor_down
 .text.lv_ta_cursor_up
                0x0001591c       0x8c ./lvgl/src/lv_objx/lv_ta.o
                0x0001591c                lv_ta_cursor_up
 .text.lv_ta_signal
                0x000159a8      0x420 ./lvgl/src/lv_objx/lv_ta.o
 .text.tabpage_pressing_handler
                0x00015dc8      0x20c ./lvgl/src/lv_objx/lv_tabview.o
 .text.tabpage_pressed_handler.isra.3
                0x00015fd4       0x20 ./lvgl/src/lv_objx/lv_tabview.o
 .text.lv_cont_set_fit2.constprop.8
                0x00015ff4       0x24 ./lvgl/src/lv_objx/lv_tabview.o
 .text.lv_tabview_get_tab_act
                0x00016018       0x14 ./lvgl/src/lv_objx/lv_tabview.o
                0x00016018                lv_tabview_get_tab_act
 .text.lv_tabview_get_tab
                0x0001602c       0x60 ./lvgl/src/lv_objx/lv_tabview.o
                0x0001602c                lv_tabview_get_tab
 .text.lv_tabview_get_sliding
                0x0001608c       0x18 ./lvgl/src/lv_objx/lv_tabview.o
                0x0001608c                lv_tabview_get_sliding
 .text.lv_tabview_get_anim_time
                0x000160a4       0x14 ./lvgl/src/lv_objx/lv_tabview.o
                0x000160a4                lv_tabview_get_anim_time
 .text.lv_tabview_set_tab_act
                0x000160b8      0x2d8 ./lvgl/src/lv_objx/lv_tabview.o
                0x000160b8                lv_tabview_set_tab_act
 .text.tab_btnm_event_cb
                0x00016390       0x94 ./lvgl/src/lv_objx/lv_tabview.o
 .text.tabpage_press_lost_handler
                0x00016424      0x15c ./lvgl/src/lv_objx/lv_tabview.o
 .text.tabpage_signal
                0x00016580       0x98 ./lvgl/src/lv_objx/lv_tabview.o
 .text.tabpage_scrl_signal
                0x00016618       0xa0 ./lvgl/src/lv_objx/lv_tabview.o
 .text.lv_tabview_get_style
                0x000166b8       0x90 ./lvgl/src/lv_objx/lv_tabview.o
                0x000166b8                lv_tabview_get_style
 .text.tabview_realign
                0x00016748      0x564 ./lvgl/src/lv_objx/lv_tabview.o
 .text.lv_tabview_signal
                0x00016cac      0x208 ./lvgl/src/lv_objx/lv_tabview.o
 .text.lv_tabview_add_tab
                0x00016eb4      0x330 ./lvgl/src/lv_objx/lv_tabview.o
                0x00016eb4                lv_tabview_add_tab
 .text.lv_tabview_set_style
                0x000171e4       0xe8 ./lvgl/src/lv_objx/lv_tabview.o
                0x000171e4                lv_tabview_set_style
 .text.lv_tabview_create
                0x000172cc      0x3ac ./lvgl/src/lv_objx/lv_tabview.o
                0x000172cc                lv_tabview_create
 .text.lv_anim_path_linear
                0x00017678       0x44 ./lvgl/src/lv_misc/lv_anim.o
                0x00017678                lv_anim_path_linear
 .text.anim_task
                0x000176bc      0x1d8 ./lvgl/src/lv_misc/lv_anim.o
 .text.lv_anim_core_init
                0x00017894       0x44 ./lvgl/src/lv_misc/lv_anim.o
                0x00017894                lv_anim_core_init
 .text.lv_anim_del
                0x000178d8       0x94 ./lvgl/src/lv_misc/lv_anim.o
                0x000178d8                lv_anim_del
 .text.lv_anim_create
                0x0001796c       0x78 ./lvgl/src/lv_misc/lv_anim.o
                0x0001796c                lv_anim_create
 .text.lv_anim_speed_to_time
                0x000179e4       0x50 ./lvgl/src/lv_misc/lv_anim.o
                0x000179e4                lv_anim_speed_to_time
 .text.lv_anim_path_step
                0x00017a34       0x20 ./lvgl/src/lv_misc/lv_anim.o
                0x00017a34                lv_anim_path_step
 .text.lv_area_set
                0x00017a54       0x18 ./lvgl/src/lv_misc/lv_area.o
                0x00017a54                lv_area_set
 .text.lv_area_set_width
                0x00017a6c       0x14 ./lvgl/src/lv_misc/lv_area.o
                0x00017a6c                lv_area_set_width
 .text.lv_area_set_height
                0x00017a80       0x14 ./lvgl/src/lv_misc/lv_area.o
                0x00017a80                lv_area_set_height
 .text.lv_area_set_pos
                0x00017a94       0x3c ./lvgl/src/lv_misc/lv_area.o
                0x00017a94                lv_area_set_pos
 .text.lv_area_get_size
                0x00017ad0       0x28 ./lvgl/src/lv_misc/lv_area.o
                0x00017ad0                lv_area_get_size
 .text.lv_area_intersect
                0x00017af8       0x9c ./lvgl/src/lv_misc/lv_area.o
                0x00017af8                lv_area_intersect
 .text.lv_area_join
                0x00017b94       0x54 ./lvgl/src/lv_misc/lv_area.o
                0x00017b94                lv_area_join
 .text.lv_area_is_point_on
                0x00017be8       0x48 ./lvgl/src/lv_misc/lv_area.o
                0x00017be8                lv_area_is_point_on
 .text.lv_area_is_on
                0x00017c30       0x50 ./lvgl/src/lv_misc/lv_area.o
                0x00017c30                lv_area_is_on
 .text.lv_area_is_in
                0x00017c80       0x50 ./lvgl/src/lv_misc/lv_area.o
                0x00017c80                lv_area_is_in
 .text.lv_circ_init
                0x00017cd0       0x18 ./lvgl/src/lv_misc/lv_circ.o
                0x00017cd0                lv_circ_init
 .text.lv_circ_cont
                0x00017ce8       0x18 ./lvgl/src/lv_misc/lv_circ.o
                0x00017ce8                lv_circ_cont
 .text.lv_circ_next
                0x00017d00       0x74 ./lvgl/src/lv_misc/lv_circ.o
                0x00017d00                lv_circ_next
 .text.lv_fs_get_real_path
                0x00017d74       0x38 ./lvgl/src/lv_misc/lv_fs.o
 .text.lv_fs_init
                0x00017dac       0x1c ./lvgl/src/lv_misc/lv_fs.o
                0x00017dac                lv_fs_init
 .text.lv_fs_close
                0x00017dc8       0x58 ./lvgl/src/lv_misc/lv_fs.o
                0x00017dc8                lv_fs_close
 .text.lv_fs_read
                0x00017e20       0x78 ./lvgl/src/lv_misc/lv_fs.o
                0x00017e20                lv_fs_read
 .text.lv_fs_seek
                0x00017e98       0x3c ./lvgl/src/lv_misc/lv_fs.o
                0x00017e98                lv_fs_seek
 .text.lv_fs_get_drv
                0x00017ed4       0x44 ./lvgl/src/lv_misc/lv_fs.o
                0x00017ed4                lv_fs_get_drv
 .text.lv_fs_open
                0x00017f18       0xec ./lvgl/src/lv_misc/lv_fs.o
                0x00017f18                lv_fs_open
 .text.lv_fs_get_ext
                0x00018004       0x64 ./lvgl/src/lv_misc/lv_fs.o
                0x00018004                lv_fs_get_ext
 .text.node_set_next.isra.0
                0x00018068       0x48 ./lvgl/src/lv_misc/lv_ll.o
 .text.node_set_prev.isra.2
                0x000180b0       0x44 ./lvgl/src/lv_misc/lv_ll.o
 .text.lv_ll_init
                0x000180f4       0x20 ./lvgl/src/lv_misc/lv_ll.o
                0x000180f4                lv_ll_init
 .text.lv_ll_ins_head
                0x00018114       0x6c ./lvgl/src/lv_misc/lv_ll.o
                0x00018114                lv_ll_ins_head
 .text.lv_ll_ins_tail
                0x00018180       0x6c ./lvgl/src/lv_misc/lv_ll.o
                0x00018180                lv_ll_ins_tail
 .text.lv_ll_get_head
                0x000181ec        0xc ./lvgl/src/lv_misc/lv_ll.o
                0x000181ec                lv_ll_get_head
 .text.lv_ll_get_tail
                0x000181f8        0xc ./lvgl/src/lv_misc/lv_ll.o
                0x000181f8                lv_ll_get_tail
 .text.lv_ll_get_next
                0x00018204       0x3c ./lvgl/src/lv_misc/lv_ll.o
                0x00018204                lv_ll_get_next
 .text.lv_ll_get_prev
                0x00018240       0x34 ./lvgl/src/lv_misc/lv_ll.o
                0x00018240                lv_ll_get_prev
 .text.lv_ll_ins_prev
                0x00018274       0xa4 ./lvgl/src/lv_misc/lv_ll.o
                0x00018274                lv_ll_ins_prev
 .text.lv_ll_rem
                0x00018318       0xd8 ./lvgl/src/lv_misc/lv_ll.o
                0x00018318                lv_ll_rem
 .text.lv_ll_clear
                0x000183f0       0x4c ./lvgl/src/lv_misc/lv_ll.o
                0x000183f0                lv_ll_clear
 .text.lv_ll_chg_list
                0x0001843c       0xac ./lvgl/src/lv_misc/lv_ll.o
                0x0001843c                lv_ll_chg_list
 .text.lv_ll_move_before
                0x000184e8       0xa8 ./lvgl/src/lv_misc/lv_ll.o
                0x000184e8                lv_ll_move_before
 .text.lv_ll_is_empty
                0x00018590       0x30 ./lvgl/src/lv_misc/lv_ll.o
                0x00018590                lv_ll_is_empty
 .text.ent_get_next
                0x000185c0       0x3c ./lvgl/src/lv_misc/lv_mem.o
 .text.ent_trunc
                0x000185fc       0x68 ./lvgl/src/lv_misc/lv_mem.o
 .text.lv_mem_init
                0x00018664       0x38 ./lvgl/src/lv_misc/lv_mem.o
                0x00018664                lv_mem_init
 .text.lv_mem_alloc
                0x0001869c       0xa8 ./lvgl/src/lv_misc/lv_mem.o
                0x0001869c                lv_mem_alloc
 .text.lv_mem_get_size
                0x00018744       0x24 ./lvgl/src/lv_misc/lv_mem.o
                0x00018744                lv_mem_get_size
 .text.lv_mem_free
                0x00018768       0x88 ./lvgl/src/lv_misc/lv_mem.o
                0x00018768                lv_mem_free
 .text.lv_mem_realloc
                0x000187f0       0x9c ./lvgl/src/lv_misc/lv_mem.o
                0x000187f0                lv_mem_realloc
 .text.lv_task_core_init
                0x0001888c       0x2c ./lvgl/src/lv_misc/lv_task.o
                0x0001888c                lv_task_core_init
 .text.lv_task_create_basic
                0x000188b8       0xb8 ./lvgl/src/lv_misc/lv_task.o
                0x000188b8                lv_task_create_basic
 .text.lv_task_del
                0x00018970       0x48 ./lvgl/src/lv_misc/lv_task.o
                0x00018970                lv_task_del
 .text.lv_task_exec
                0x000189b8       0x84 ./lvgl/src/lv_misc/lv_task.o
 .text.lv_task_handler
                0x00018a3c      0x1a4 ./lvgl/src/lv_misc/lv_task.o
                0x00018a3c                lv_task_handler
 .text.lv_task_set_prio
                0x00018be0       0x88 ./lvgl/src/lv_misc/lv_task.o
                0x00018be0                lv_task_set_prio
 .text.lv_task_create
                0x00018c68       0x44 ./lvgl/src/lv_misc/lv_task.o
                0x00018c68                lv_task_create
 .text.lv_task_ready
                0x00018cac       0x24 ./lvgl/src/lv_misc/lv_task.o
                0x00018cac                lv_task_ready
 .text.lv_txt_utf8_size
                0x00018cd0       0x50 ./lvgl/src/lv_misc/lv_txt.o
 .text.lv_txt_utf8_next
                0x00018d20      0x15c ./lvgl/src/lv_misc/lv_txt.o
 .text.lv_txt_utf8_get_byte_id
                0x00018e7c       0x4c ./lvgl/src/lv_misc/lv_txt.o
 .text.lv_txt_utf8_get_char_id
                0x00018ec8       0x58 ./lvgl/src/lv_misc/lv_txt.o
 .text.lv_txt_utf8_get_length
                0x00018f20       0x58 ./lvgl/src/lv_misc/lv_txt.o
 .text.lv_txt_unicode_to_utf8
                0x00018f78       0xe4 ./lvgl/src/lv_misc/lv_txt.o
 .text.lv_txt_utf8_prev
                0x0001905c       0x98 ./lvgl/src/lv_misc/lv_txt.o
 .text.lv_txt_is_cmd
                0x000190f4       0x60 ./lvgl/src/lv_misc/lv_txt.o
                0x000190f4                lv_txt_is_cmd
 .text.lv_txt_get_next_line
                0x00019154      0x1f0 ./lvgl/src/lv_misc/lv_txt.o
                0x00019154                lv_txt_get_next_line
 .text.lv_txt_get_width
                0x00019344       0xfc ./lvgl/src/lv_misc/lv_txt.o
                0x00019344                lv_txt_get_width
 .text.lv_txt_get_size
                0x00019440      0x108 ./lvgl/src/lv_misc/lv_txt.o
                0x00019440                lv_txt_get_size
 .text.lv_txt_ins
                0x00019548       0x78 ./lvgl/src/lv_misc/lv_txt.o
                0x00019548                lv_txt_ins
 .text.lv_txt_cut
                0x000195c0       0x70 ./lvgl/src/lv_misc/lv_txt.o
                0x000195c0                lv_txt_cut
 .text.lv_utils_bsearch
                0x00019630       0x70 ./lvgl/src/lv_misc/lv_utils.o
                0x00019630                lv_utils_bsearch
 .text.lv_disp_drv_init
                0x000196a0       0x60 ./lvgl/src/lv_hal/lv_hal_disp.o
                0x000196a0                lv_disp_drv_init
 .text.lv_disp_buf_init
                0x00019700       0x34 ./lvgl/src/lv_hal/lv_hal_disp.o
                0x00019700                lv_disp_buf_init
 .text.lv_disp_drv_register
                0x00019734      0x114 ./lvgl/src/lv_hal/lv_hal_disp.o
                0x00019734                lv_disp_drv_register
 .text.lv_disp_get_default
                0x00019848       0x10 ./lvgl/src/lv_hal/lv_hal_disp.o
                0x00019848                lv_disp_get_default
 .text.lv_disp_get_hor_res
                0x00019858       0x3c ./lvgl/src/lv_hal/lv_hal_disp.o
                0x00019858                lv_disp_get_hor_res
 .text.lv_disp_get_ver_res
                0x00019894       0x3c ./lvgl/src/lv_hal/lv_hal_disp.o
                0x00019894                lv_disp_get_ver_res
 .text.lv_disp_get_antialiasing
                0x000198d0       0x28 ./lvgl/src/lv_hal/lv_hal_disp.o
                0x000198d0                lv_disp_get_antialiasing
 .text.lv_disp_flush_ready
                0x000198f8       0x14 ./lvgl/src/lv_hal/lv_hal_disp.o
                0x000198f8                lv_disp_flush_ready
 .text.lv_disp_get_buf
                0x0001990c        0x8 ./lvgl/src/lv_hal/lv_hal_disp.o
                0x0001990c                lv_disp_get_buf
 .text.lv_disp_get_inv_buf_size
                0x00019914       0x14 ./lvgl/src/lv_hal/lv_hal_disp.o
                0x00019914                lv_disp_get_inv_buf_size
 .text.lv_disp_pop_from_inv_buf
                0x00019928       0x30 ./lvgl/src/lv_hal/lv_hal_disp.o
                0x00019928                lv_disp_pop_from_inv_buf
 .text.lv_disp_is_double_buf
                0x00019958       0x20 ./lvgl/src/lv_hal/lv_hal_disp.o
                0x00019958                lv_disp_is_double_buf
 .text.lv_disp_is_true_double_buf
                0x00019978       0x4c ./lvgl/src/lv_hal/lv_hal_disp.o
                0x00019978                lv_disp_is_true_double_buf
 .text.lv_indev_drv_register
                0x000199c4       0xa0 ./lvgl/src/lv_hal/lv_hal_indev.o
                0x000199c4                lv_indev_drv_register
 .text.lv_indev_get_next
                0x00019a64       0x28 ./lvgl/src/lv_hal/lv_hal_indev.o
                0x00019a64                lv_indev_get_next
 .text.lv_indev_read
                0x00019a8c       0x68 ./lvgl/src/lv_hal/lv_hal_indev.o
                0x00019a8c                lv_indev_read
 .text.lv_tick_get
                0x00019af4       0x10 ./lvgl/src/lv_hal/lv_hal_tick.o
                0x00019af4                lv_tick_get
 .text.lv_tick_elaps
                0x00019b04       0x18 ./lvgl/src/lv_hal/lv_hal_tick.o
                0x00019b04                lv_tick_elaps
 .text.lv_font_get_glyph_bitmap
                0x00019b1c       0x18 ./lvgl/src/lv_font/lv_font.o
                0x00019b1c                lv_font_get_glyph_bitmap
 .text.lv_font_get_glyph_dsc
                0x00019b34       0x18 ./lvgl/src/lv_font/lv_font.o
                0x00019b34                lv_font_get_glyph_dsc
 .text.lv_font_get_glyph_width
                0x00019b4c       0x2c ./lvgl/src/lv_font/lv_font.o
                0x00019b4c                lv_font_get_glyph_width
 .text.kern_pair_8_compare
                0x00019b78       0x20 ./lvgl/src/lv_font/lv_font_fmt_txt.o
 .text.kern_pair_16_compare
                0x00019b98       0x20 ./lvgl/src/lv_font/lv_font_fmt_txt.o
 .text.unicode_list_compare
                0x00019bb8       0x10 ./lvgl/src/lv_font/lv_font_fmt_txt.o
 .text.get_glyph_dsc_id.isra.0.part.1
                0x00019bc8      0x12c ./lvgl/src/lv_font/lv_font_fmt_txt.o
 .text.lv_font_get_bitmap_fmt_txt
                0x00019cf4       0x54 ./lvgl/src/lv_font/lv_font_fmt_txt.o
                0x00019cf4                lv_font_get_bitmap_fmt_txt
 .text.lv_font_get_glyph_dsc_fmt_txt
                0x00019d48      0x1d0 ./lvgl/src/lv_font/lv_font_fmt_txt.o
                0x00019d48                lv_font_get_glyph_dsc_fmt_txt
 .text.lv_draw_get_buf
                0x00019f18       0x6c ./lvgl/src/lv_draw/lv_draw.o
                0x00019f18                lv_draw_get_buf
 .text.lv_draw_free_buf
                0x00019f84       0x38 ./lvgl/src/lv_draw/lv_draw.o
                0x00019f84                lv_draw_free_buf
 .text.lv_draw_aa_get_opa
                0x00019fbc       0x58 ./lvgl/src/lv_draw/lv_draw.o
                0x00019fbc                lv_draw_aa_get_opa
 .text.lv_draw_aa_ver_seg
                0x0001a014       0x90 ./lvgl/src/lv_draw/lv_draw.o
                0x0001a014                lv_draw_aa_ver_seg
 .text.lv_draw_aa_hor_seg
                0x0001a0a4       0x90 ./lvgl/src/lv_draw/lv_draw.o
                0x0001a0a4                lv_draw_aa_hor_seg
 .text.lv_color_mix
                0x0001a134       0x74 ./lvgl/src/lv_draw/lv_draw_basic.o
 .text.sw_color_fill
                0x0001a1a8      0x20c ./lvgl/src/lv_draw/lv_draw_basic.o
 .text.lv_draw_px
                0x0001a3b4      0x104 ./lvgl/src/lv_draw/lv_draw_basic.o
                0x0001a3b4                lv_draw_px
 .text.lv_draw_fill
                0x0001a4b8      0x2d8 ./lvgl/src/lv_draw/lv_draw_basic.o
                0x0001a4b8                lv_draw_fill
 .text.lv_draw_letter
                0x0001a790      0x4fc ./lvgl/src/lv_draw/lv_draw_basic.o
                0x0001a790                lv_draw_letter
 .text.lv_draw_map
                0x0001ac8c      0x510 ./lvgl/src/lv_draw/lv_draw_basic.o
                0x0001ac8c                lv_draw_map
 .text.lv_img_color_format_get_px_size
                0x0001b19c       0x20 ./lvgl/src/lv_draw/lv_draw_img.o
                0x0001b19c                lv_img_color_format_get_px_size
 .text.lv_img_color_format_is_chroma_keyed
                0x0001b1bc       0x30 ./lvgl/src/lv_draw/lv_draw_img.o
                0x0001b1bc                lv_img_color_format_is_chroma_keyed
 .text.lv_img_color_format_has_alpha
                0x0001b1ec       0x38 ./lvgl/src/lv_draw/lv_draw_img.o
                0x0001b1ec                lv_img_color_format_has_alpha
 .text.lv_draw_img
                0x0001b224      0x280 ./lvgl/src/lv_draw/lv_draw_img.o
                0x0001b224                lv_draw_img
 .text.lv_img_src_get_type
                0x0001b4a4       0x3c ./lvgl/src/lv_draw/lv_draw_img.o
                0x0001b4a4                lv_img_src_get_type
 .text.hex_char_to_num
                0x0001b4e0       0x48 ./lvgl/src/lv_draw/lv_draw_label.o
 .text.lv_draw_label
                0x0001b528      0x6b8 ./lvgl/src/lv_draw/lv_draw_label.o
                0x0001b528                lv_draw_label
 .text.line_init
                0x0001bbe0       0xf4 ./lvgl/src/lv_draw/lv_draw_line.o
 .text.line_next
                0x0001bcd4       0x98 ./lvgl/src/lv_draw/lv_draw_line.o
 .text.lv_draw_line
                0x0001bd6c     0x12e4 ./lvgl/src/lv_draw/lv_draw_line.o
                0x0001bd6c                lv_draw_line
 .text.lv_color_mix
                0x0001d050       0x74 ./lvgl/src/lv_draw/lv_draw_rect.o
 .text.lv_draw_cont_radius_corr
                0x0001d0c4       0x80 ./lvgl/src/lv_draw/lv_draw_rect.o
 .text.antialias_get_opa_circ
                0x0001d144       0x74 ./lvgl/src/lv_draw/lv_draw_rect.o
 .text.lv_draw_rect
                0x0001d1b8     0x31ac ./lvgl/src/lv_draw/lv_draw_rect.o
                0x0001d1b8                lv_draw_rect
 .text.tri_draw_flat
                0x00020364      0x554 ./lvgl/src/lv_draw/lv_draw_triangle.o
                0x00020364                tri_draw_flat
 .text.tri_draw_tall
                0x000208b8      0x49c ./lvgl/src/lv_draw/lv_draw_triangle.o
                0x000208b8                tri_draw_tall
 .text.lv_draw_triangle
                0x00020d54      0x138 ./lvgl/src/lv_draw/lv_draw_triangle.o
                0x00020d54                lv_draw_triangle
 .text.lv_img_cache_open
                0x00020e8c      0x190 ./lvgl/src/lv_draw/lv_img_cache.o
                0x00020e8c                lv_img_cache_open
 .text.lv_img_cache_invalidate_src
                0x0002101c       0x8c ./lvgl/src/lv_draw/lv_img_cache.o
                0x0002101c                lv_img_cache_invalidate_src
 .text.lv_img_cache_set_size
                0x000210a8       0xa4 ./lvgl/src/lv_draw/lv_img_cache.o
                0x000210a8                lv_img_cache_set_size
 .text.lv_img_decoder_built_in_close
                0x0002114c       0x50 ./lvgl/src/lv_draw/lv_img_decoder.o
                0x0002114c                lv_img_decoder_built_in_close
 .text.lv_img_decoder_built_in_open
                0x0002119c      0x21c ./lvgl/src/lv_draw/lv_img_decoder.o
                0x0002119c                lv_img_decoder_built_in_open
 .text.lv_img_decoder_built_in_line_alpha
                0x000213b8      0x280 ./lvgl/src/lv_draw/lv_img_decoder.o
 .text.lv_img_decoder_built_in_line_indexed
                0x00021638      0x20c ./lvgl/src/lv_draw/lv_img_decoder.o
 .text.lv_img_decoder_built_in_read_line
                0x00021844      0x114 ./lvgl/src/lv_draw/lv_img_decoder.o
                0x00021844                lv_img_decoder_built_in_read_line
 .text.lv_img_decoder_built_in_info
                0x00021958      0x128 ./lvgl/src/lv_draw/lv_img_decoder.o
                0x00021958                lv_img_decoder_built_in_info
 .text.lv_img_decoder_get_info
                0x00021a80       0x80 ./lvgl/src/lv_draw/lv_img_decoder.o
                0x00021a80                lv_img_decoder_get_info
 .text.lv_img_decoder_open
                0x00021b00       0xe0 ./lvgl/src/lv_draw/lv_img_decoder.o
                0x00021b00                lv_img_decoder_open
 .text.lv_img_decoder_read_line
                0x00021be0       0x50 ./lvgl/src/lv_draw/lv_img_decoder.o
                0x00021be0                lv_img_decoder_read_line
 .text.lv_img_decoder_close
                0x00021c30       0x2c ./lvgl/src/lv_draw/lv_img_decoder.o
                0x00021c30                lv_img_decoder_close
 .text.lv_img_decoder_create
                0x00021c5c       0x34 ./lvgl/src/lv_draw/lv_img_decoder.o
                0x00021c5c                lv_img_decoder_create
 .text.lv_img_decoder_init
                0x00021c90       0x5c ./lvgl/src/lv_draw/lv_img_decoder.o
                0x00021c90                lv_img_decoder_init
 .text.lv_disp_get_scr_act
                0x00021cec       0x24 ./lvgl/src/lv_core/lv_disp.o
                0x00021cec                lv_disp_get_scr_act
 .text.lv_disp_load_scr
                0x00021d10       0x20 ./lvgl/src/lv_core/lv_disp.o
                0x00021d10                lv_disp_load_scr
 .text.lv_disp_get_layer_top
                0x00021d30       0x24 ./lvgl/src/lv_core/lv_disp.o
                0x00021d30                lv_disp_get_layer_top
 .text.lv_disp_get_layer_sys
                0x00021d54       0x24 ./lvgl/src/lv_core/lv_disp.o
                0x00021d54                lv_disp_get_layer_sys
 .text.obj_to_foreground
                0x00021d78       0x38 ./lvgl/src/lv_core/lv_group.o
 .text.focus_next_core.part.0
                0x00021db0      0x174 ./lvgl/src/lv_core/lv_group.o
 .text.lv_group_init
                0x00021f24       0x1c ./lvgl/src/lv_core/lv_group.o
                0x00021f24                lv_group_init
 .text.lv_group_focus_next
                0x00021f40       0x20 ./lvgl/src/lv_core/lv_group.o
                0x00021f40                lv_group_focus_next
 .text.lv_group_focus_prev
                0x00021f60       0x20 ./lvgl/src/lv_core/lv_group.o
                0x00021f60                lv_group_focus_prev
 .text.lv_group_refocus
                0x00021f80       0x48 ./lvgl/src/lv_core/lv_group.o
 .text.lv_group_add_obj
                0x00021fc8       0x94 ./lvgl/src/lv_core/lv_group.o
                0x00021fc8                lv_group_add_obj
 .text.lv_group_remove_obj
                0x0002205c       0xe0 ./lvgl/src/lv_core/lv_group.o
                0x0002205c                lv_group_remove_obj
 .text.lv_group_mod_style
                0x0002213c       0x44 ./lvgl/src/lv_core/lv_group.o
                0x0002213c                lv_group_mod_style
 .text.lv_group_get_focused
                0x00022180       0x18 ./lvgl/src/lv_core/lv_group.o
                0x00022180                lv_group_get_focused
 .text.lv_group_send_data
                0x00022198       0x4c ./lvgl/src/lv_core/lv_group.o
                0x00022198                lv_group_send_data
 .text.lv_group_set_editing
                0x000221e4       0x7c ./lvgl/src/lv_core/lv_group.o
                0x000221e4                lv_group_set_editing
 .text.lv_group_focus_obj
                0x00022260      0x120 ./lvgl/src/lv_core/lv_group.o
                0x00022260                lv_group_focus_obj
 .text.lv_group_get_editing
                0x00022380       0x14 ./lvgl/src/lv_core/lv_group.o
                0x00022380                lv_group_get_editing
 .text.lv_group_get_click_focus
                0x00022394       0x14 ./lvgl/src/lv_core/lv_group.o
                0x00022394                lv_group_get_click_focus
 .text.indev_reset_check
                0x000223a8       0x20 ./lvgl/src/lv_core/lv_indev.o
 .text.indev_search_obj
                0x000223c8       0xb0 ./lvgl/src/lv_core/lv_indev.o
 .text.indev_proc_reset_query_handler
                0x00022478       0x58 ./lvgl/src/lv_core/lv_indev.o
 .text.indev_drag_throw.part.1
                0x000224d0      0x254 ./lvgl/src/lv_core/lv_indev.o
 .text.indev_proc_release
                0x00022724      0x358 ./lvgl/src/lv_core/lv_indev.o
 .text.indev_proc_press
                0x00022a7c      0x750 ./lvgl/src/lv_core/lv_indev.o
 .text.lv_indev_read_task
                0x000231cc      0x8b0 ./lvgl/src/lv_core/lv_indev.o
                0x000231cc                lv_indev_read_task
 .text.lv_indev_get_act
                0x00023a7c       0x10 ./lvgl/src/lv_core/lv_indev.o
                0x00023a7c                lv_indev_get_act
 .text.lv_indev_get_type
                0x00023a8c        0xc ./lvgl/src/lv_core/lv_indev.o
                0x00023a8c                lv_indev_get_type
 .text.lv_indev_reset
                0x00023a98       0x38 ./lvgl/src/lv_core/lv_indev.o
                0x00023a98                lv_indev_reset
 .text.lv_indev_init
                0x00023ad0        0x8 ./lvgl/src/lv_core/lv_indev.o
                0x00023ad0                lv_indev_init
 .text.lv_indev_reset_long_press
                0x00023ad8       0x2c ./lvgl/src/lv_core/lv_indev.o
                0x00023ad8                lv_indev_reset_long_press
 .text.lv_indev_get_point
                0x00023b04       0x28 ./lvgl/src/lv_core/lv_indev.o
                0x00023b04                lv_indev_get_point
 .text.lv_indev_is_dragging
                0x00023b2c       0x28 ./lvgl/src/lv_core/lv_indev.o
                0x00023b2c                lv_indev_is_dragging
 .text.lv_indev_get_vect
                0x00023b54       0x38 ./lvgl/src/lv_core/lv_indev.o
                0x00023b54                lv_indev_get_vect
 .text.lv_indev_get_obj_act
                0x00023b8c       0x10 ./lvgl/src/lv_core/lv_indev.o
                0x00023b8c                lv_indev_get_obj_act
 .text.lv_event_mark_deleted
                0x00023b9c       0x30 ./lvgl/src/lv_core/lv_obj.o
 .text.refresh_children_position
                0x00023bcc       0x90 ./lvgl/src/lv_core/lv_obj.o
 .text.lv_init  0x00023c5c       0x74 ./lvgl/src/lv_core/lv_obj.o
                0x00023c5c                lv_init
 .text.lv_obj_set_click
                0x00023cd0       0x18 ./lvgl/src/lv_core/lv_obj.o
                0x00023cd0                lv_obj_set_click
 .text.lv_obj_set_drag
                0x00023ce8       0x28 ./lvgl/src/lv_core/lv_obj.o
                0x00023ce8                lv_obj_set_drag
 .text.lv_obj_set_drag_throw
                0x00023d10       0x18 ./lvgl/src/lv_core/lv_obj.o
                0x00023d10                lv_obj_set_drag_throw
 .text.lv_obj_set_drag_parent
                0x00023d28       0x18 ./lvgl/src/lv_core/lv_obj.o
                0x00023d28                lv_obj_set_drag_parent
 .text.lv_obj_set_protect
                0x00023d40       0x10 ./lvgl/src/lv_core/lv_obj.o
                0x00023d40                lv_obj_set_protect
 .text.lv_obj_clear_protect
                0x00023d50       0x10 ./lvgl/src/lv_core/lv_obj.o
                0x00023d50                lv_obj_clear_protect
 .text.lv_obj_set_event_cb
                0x00023d60        0x8 ./lvgl/src/lv_core/lv_obj.o
                0x00023d60                lv_obj_set_event_cb
 .text.lv_event_send_func
                0x00023d68       0xf0 ./lvgl/src/lv_core/lv_obj.o
                0x00023d68                lv_event_send_func
 .text.lv_event_send
                0x00023e58       0x20 ./lvgl/src/lv_core/lv_obj.o
                0x00023e58                lv_event_send
 .text.delete_children
                0x00023e78      0x11c ./lvgl/src/lv_core/lv_obj.o
 .text.lv_event_get_data
                0x00023f94       0x10 ./lvgl/src/lv_core/lv_obj.o
                0x00023f94                lv_event_get_data
 .text.lv_obj_set_signal_cb
                0x00023fa4        0x8 ./lvgl/src/lv_core/lv_obj.o
                0x00023fa4                lv_obj_set_signal_cb
 .text.lv_obj_set_design_cb
                0x00023fac        0x8 ./lvgl/src/lv_core/lv_obj.o
                0x00023fac                lv_obj_set_design_cb
 .text.lv_obj_allocate_ext_attr
                0x00023fb4       0x1c ./lvgl/src/lv_core/lv_obj.o
                0x00023fb4                lv_obj_allocate_ext_attr
 .text.lv_obj_get_disp
                0x00023fd0       0x84 ./lvgl/src/lv_core/lv_obj.o
                0x00023fd0                lv_obj_get_disp
 .text.lv_obj_invalidate
                0x00024054       0xf8 ./lvgl/src/lv_core/lv_obj.o
                0x00024054                lv_obj_invalidate
 .text.lv_obj_move_foreground
                0x0002414c       0x68 ./lvgl/src/lv_core/lv_obj.o
                0x0002414c                lv_obj_move_foreground
 .text.lv_obj_set_pos
                0x000241b4       0xf4 ./lvgl/src/lv_core/lv_obj.o
                0x000241b4                lv_obj_set_pos
 .text.lv_obj_set_x
                0x000242a8       0x1c ./lvgl/src/lv_core/lv_obj.o
                0x000242a8                lv_obj_set_x
 .text.lv_obj_set_y
                0x000242c4       0x20 ./lvgl/src/lv_core/lv_obj.o
                0x000242c4                lv_obj_set_y
 .text.lv_obj_align
                0x000242e4      0x450 ./lvgl/src/lv_core/lv_obj.o
                0x000242e4                lv_obj_align
 .text.lv_obj_align_origo
                0x00024734      0x260 ./lvgl/src/lv_core/lv_obj.o
                0x00024734                lv_obj_align_origo
 .text.lv_obj_realign
                0x00024994       0x3c ./lvgl/src/lv_core/lv_obj.o
                0x00024994                lv_obj_realign
 .text.lv_obj_create
                0x000249d0      0x398 ./lvgl/src/lv_core/lv_obj.o
                0x000249d0                lv_obj_create
 .text.lv_obj_set_parent
                0x00024d68       0xc4 ./lvgl/src/lv_core/lv_obj.o
                0x00024d68                lv_obj_set_parent
 .text.lv_obj_set_size
                0x00024e2c      0x11c ./lvgl/src/lv_core/lv_obj.o
                0x00024e2c                lv_obj_set_size
 .text.lv_obj_set_width
                0x00024f48       0x1c ./lvgl/src/lv_core/lv_obj.o
                0x00024f48                lv_obj_set_width
 .text.lv_obj_set_height
                0x00024f64       0x20 ./lvgl/src/lv_core/lv_obj.o
                0x00024f64                lv_obj_set_height
 .text.lv_obj_refresh_style
                0x00024f84       0x30 ./lvgl/src/lv_core/lv_obj.o
                0x00024f84                lv_obj_refresh_style
 .text.lv_obj_set_hidden
                0x00024fb4       0x5c ./lvgl/src/lv_core/lv_obj.o
                0x00024fb4                lv_obj_set_hidden
 .text.lv_obj_refresh_ext_draw_pad
                0x00025010       0x2c ./lvgl/src/lv_core/lv_obj.o
                0x00025010                lv_obj_refresh_ext_draw_pad
 .text.lv_obj_del
                0x0002503c      0x160 ./lvgl/src/lv_core/lv_obj.o
                0x0002503c                lv_obj_del
 .text.lv_obj_get_parent
                0x0002519c        0x8 ./lvgl/src/lv_core/lv_obj.o
                0x0002519c                lv_obj_get_parent
 .text.lv_obj_get_child
                0x000251a4       0x24 ./lvgl/src/lv_core/lv_obj.o
                0x000251a4                lv_obj_get_child
 .text.refresh_children_style
                0x000251c8       0x64 ./lvgl/src/lv_core/lv_obj.o
 .text.lv_obj_set_style
                0x0002522c       0x1c ./lvgl/src/lv_core/lv_obj.o
                0x0002522c                lv_obj_set_style
 .text.lv_obj_get_child_back
                0x00025248       0x24 ./lvgl/src/lv_core/lv_obj.o
                0x00025248                lv_obj_get_child_back
 .text.lv_obj_get_coords
                0x0002526c       0x20 ./lvgl/src/lv_core/lv_obj.o
                0x0002526c                lv_obj_get_coords
 .text.lv_obj_get_x
                0x0002528c       0x1c ./lvgl/src/lv_core/lv_obj.o
                0x0002528c                lv_obj_get_x
 .text.lv_obj_get_y
                0x000252a8       0x1c ./lvgl/src/lv_core/lv_obj.o
                0x000252a8                lv_obj_get_y
 .text.lv_obj_get_width
                0x000252c4       0x1c ./lvgl/src/lv_core/lv_obj.o
                0x000252c4                lv_obj_get_width
 .text.lv_obj_get_height
                0x000252e0       0x1c ./lvgl/src/lv_core/lv_obj.o
                0x000252e0                lv_obj_get_height
 .text.lv_obj_get_auto_realign
                0x000252fc        0xc ./lvgl/src/lv_core/lv_obj.o
                0x000252fc                lv_obj_get_auto_realign
 .text.lv_obj_get_style
                0x00025308       0xac ./lvgl/src/lv_core/lv_obj.o
                0x00025308                lv_obj_get_style
 .text.lv_obj_signal
                0x000253b4       0x78 ./lvgl/src/lv_core/lv_obj.o
 .text.lv_obj_get_width_fit
                0x0002542c       0x3c ./lvgl/src/lv_core/lv_obj.o
                0x0002542c                lv_obj_get_width_fit
 .text.lv_obj_get_height_fit
                0x00025468       0x3c ./lvgl/src/lv_core/lv_obj.o
                0x00025468                lv_obj_get_height_fit
 .text.lv_obj_get_hidden
                0x000254a4       0x10 ./lvgl/src/lv_core/lv_obj.o
                0x000254a4                lv_obj_get_hidden
 .text.lv_obj_get_click
                0x000254b4        0xc ./lvgl/src/lv_core/lv_obj.o
                0x000254b4                lv_obj_get_click
 .text.lv_obj_get_drag
                0x000254c0       0x10 ./lvgl/src/lv_core/lv_obj.o
                0x000254c0                lv_obj_get_drag
 .text.lv_obj_get_drag_dir
                0x000254d0        0xc ./lvgl/src/lv_core/lv_obj.o
                0x000254d0                lv_obj_get_drag_dir
 .text.lv_obj_get_drag_throw
                0x000254dc       0x10 ./lvgl/src/lv_core/lv_obj.o
                0x000254dc                lv_obj_get_drag_throw
 .text.lv_obj_get_drag_parent
                0x000254ec       0x10 ./lvgl/src/lv_core/lv_obj.o
                0x000254ec                lv_obj_get_drag_parent
 .text.lv_obj_get_opa_scale
                0x000254fc       0x2c ./lvgl/src/lv_core/lv_obj.o
                0x000254fc                lv_obj_get_opa_scale
 .text.lv_obj_design
                0x00025528      0x114 ./lvgl/src/lv_core/lv_obj.o
 .text.lv_obj_is_protected
                0x0002563c       0x14 ./lvgl/src/lv_core/lv_obj.o
                0x0002563c                lv_obj_is_protected
 .text.lv_obj_get_signal_cb
                0x00025650        0x8 ./lvgl/src/lv_core/lv_obj.o
                0x00025650                lv_obj_get_signal_cb
 .text.lv_obj_get_design_cb
                0x00025658        0x8 ./lvgl/src/lv_core/lv_obj.o
                0x00025658                lv_obj_get_design_cb
 .text.lv_obj_get_ext_attr
                0x00025660        0x8 ./lvgl/src/lv_core/lv_obj.o
                0x00025660                lv_obj_get_ext_attr
 .text.lv_obj_get_type
                0x00025668       0xa4 ./lvgl/src/lv_core/lv_obj.o
                0x00025668                lv_obj_get_type
 .text.lv_obj_get_group
                0x0002570c        0x8 ./lvgl/src/lv_core/lv_obj.o
                0x0002570c                lv_obj_get_group
 .text.lv_obj_is_focused
                0x00025714       0x2c ./lvgl/src/lv_core/lv_obj.o
                0x00025714                lv_obj_is_focused
 .text.lv_refr_vdb_flush
                0x00025740       0x8c ./lvgl/src/lv_core/lv_refr.o
 .text.lv_refr_get_top_obj
                0x000257cc       0xbc ./lvgl/src/lv_core/lv_refr.o
 .text.lv_refr_obj.part.2
                0x00025888      0x158 ./lvgl/src/lv_core/lv_refr.o
 .text.lv_refr_obj_and_children
                0x000259e0       0xb4 ./lvgl/src/lv_core/lv_refr.o
 .text.lv_refr_area_part
                0x00025a94       0xa0 ./lvgl/src/lv_core/lv_refr.o
 .text.lv_refr_init
                0x00025b34        0x4 ./lvgl/src/lv_core/lv_refr.o
                0x00025b34                lv_refr_init
 .text.lv_inv_area
                0x00025b38      0x12c ./lvgl/src/lv_core/lv_refr.o
                0x00025b38                lv_inv_area
 .text.lv_refr_get_disp_refreshing
                0x00025c64       0x10 ./lvgl/src/lv_core/lv_refr.o
                0x00025c64                lv_refr_get_disp_refreshing
 .text.lv_disp_refr_task
                0x00025c74      0x544 ./lvgl/src/lv_core/lv_refr.o
                0x00025c74                lv_disp_refr_task
 .text.lv_style_copy
                0x000261b8       0x14 ./lvgl/src/lv_core/lv_style.o
                0x000261b8                lv_style_copy
 .text.lv_style_init
                0x000261cc      0xa88 ./lvgl/src/lv_core/lv_style.o
                0x000261cc                lv_style_init
 .text.get_avr_value
                0x00026c54       0x64 ./lv_examples/lv_apps/tpcal/tpcal.o
 .text.btn_event_cb.part.0
                0x00026cb8      0x5f0 ./lv_examples/lv_apps/tpcal/tpcal.o
 .text.btn_event_cb
                0x000272a8        0xc ./lv_examples/lv_apps/tpcal/tpcal.o
 .text.tpcal_create
                0x000272b4      0x298 ./lv_examples/lv_apps/tpcal/tpcal.o
                0x000272b4                tpcal_create
 .text.text_area_event_handler
                0x0002754c      0x15c ./lv_examples/lv_apps/demo/demo.o
 .text.kb_hide_anim_end
                0x000276a8       0x24 ./lv_examples/lv_apps/demo/demo.o
 .text.keyboard_event_cb
                0x000276cc       0xa4 ./lv_examples/lv_apps/demo/demo.o
 .text.list_btn_event_handler
                0x00027770       0x44 ./lv_examples/lv_apps/demo/demo.o
 .text.slider_event_handler.part.3
                0x000277b4       0x3c ./lv_examples/lv_apps/demo/demo.o
 .text.slider_event_handler
                0x000277f0        0xc ./lv_examples/lv_apps/demo/demo.o
 .text.demo_create
                0x000277fc      0xbd0 ./lv_examples/lv_apps/demo/demo.o
                0x000277fc                demo_create
 .text.evdev_init
                0x000283cc       0xd4 ./lv_drivers/indev/evdev.o
                0x000283cc                evdev_init
 .text.evdev_read
                0x000284a0      0x214 ./lv_drivers/indev/evdev.o
                0x000284a0                evdev_read
 .text.touchCalculateCalpoints
                0x000286b4      0x304 ./lv_drivers/indev/touch.o
 .text.touchInit
                0x000289b8      0x16c ./lv_drivers/indev/touch.o
                0x000289b8                touchInit
 .text.touchRead
                0x00028b24      0x140 ./lv_drivers/indev/touch.o
                0x00028b24                touchRead
 .text.touchReadRaw
                0x00028c64       0x10 ./lv_drivers/indev/touch.o
                0x00028c64                touchReadRaw
 .text.touchDoCalibration
                0x00028c74      0x118 ./lv_drivers/indev/touch.o
                0x00028c74                touchDoCalibration
 .text.fbdev_init
                0x00028d8c      0x124 ./lv_drivers/display/fbdev.o
                0x00028d8c                fbdev_init
 .text.fbdev_flush
                0x00028eb0      0x290 ./lv_drivers/display/fbdev.o
                0x00028eb0                fbdev_flush
 .text.custom_tick_get
                0x00029140       0x80 ./main.o
                0x00029140                custom_tick_get
 .text          0x000291c0      0x114 e:/mentorgraphics/sourcerylite-2013.11.0.33/bin/../lib/gcc/arm-none-linux-gnueabi/4.8.1/armv4t\libgcc.a(_udivsi3.o)
                0x000291c0                __udivsi3
                0x000291c0                __aeabi_uidiv
                0x000292b4                __aeabi_uidivmod
 .text          0x000292d4      0x148 e:/mentorgraphics/sourcerylite-2013.11.0.33/bin/../lib/gcc/arm-none-linux-gnueabi/4.8.1/armv4t\libgcc.a(_divsi3.o)
                0x000292d4                __divsi3
                0x000292d4                __aeabi_idiv
                0x000293fc                __aeabi_idivmod
 .text          0x0002941c       0x14 e:/mentorgraphics/sourcerylite-2013.11.0.33/bin/../lib/gcc/arm-none-linux-gnueabi/4.8.1/armv4t\libgcc.a(_dvmd_lnx.o)
                0x0002941c                __aeabi_idiv0
                0x0002941c                __aeabi_ldiv0
 .text          0x00029430       0x70 e:\mentorgraphics\sourcerylite-2013.11.0.33\bin\../arm-none-linux-gnueabi/libc/armv4t/usr/lib/libc_nonshared.a(elf-init.oS)
                0x00029430                __libc_csu_init
                0x0002949c                __libc_csu_fini
 *(.gnu.warning)
 *(.glue_7t)
 .glue_7t       0x00000000        0x0 linker stubs
 *(.glue_7)
 .glue_7        0x00000000        0x0 linker stubs
 *(.vfp11_veneer)
 .vfp11_veneer  0x00000000        0x0 linker stubs
 *(.v4_bx)
 .v4_bx         0x00000000        0x0 linker stubs

.fini           0x000294a0        0xc
 *(SORT(.fini))
 .fini          0x000294a0        0x4 e:/mentorgraphics/sourcerylite-2013.11.0.33/bin/../arm-none-linux-gnueabi/libc/armv4t/usr/lib/crti.o
                0x000294a0                _fini
 .fini          0x000294a4        0x8 e:/mentorgraphics/sourcerylite-2013.11.0.33/bin/../arm-none-linux-gnueabi/libc/armv4t/usr/lib/crtn.o
                0x000294ac                PROVIDE (__etext, .)
                0x000294ac                PROVIDE (_etext, .)
                0x000294ac                PROVIDE (etext, .)

.rodata         0x000294ac    0x3a396
 *(.rodata .rodata.* .gnu.linkonce.r.*)
 .rodata.str1.1
                0x000294ac        0x7 ./lvgl/src/lv_objx/lv_bar.o
 .rodata.str1.1
                0x000294b3        0x7 ./lvgl/src/lv_objx/lv_btn.o
 .rodata.str1.1
                0x000294ba       0x21 ./lvgl/src/lv_objx/lv_btnm.o
                                 0x24 (size before relaxing)
 .rodata.str1.1
                0x000294db        0x9 ./lvgl/src/lv_objx/lv_chart.o
 .rodata.str1.1
                0x000294e4        0x8 ./lvgl/src/lv_objx/lv_cont.o
 .rodata.str1.1
                0x000294ec        0x7 ./lvgl/src/lv_objx/lv_img.o
                                  0x8 (size before relaxing)
 .rodata.str1.1
                0x000294f3       0xa6 ./lvgl/src/lv_objx/lv_kb.o
                                 0xe7 (size before relaxing)
 *fill*         0x00029599        0x1 
 .rodata.kb_ctrl_uc_map
                0x0002959a       0x50 ./lvgl/src/lv_objx/lv_kb.o
 .rodata.kb_ctrl_spec_map
                0x000295ea       0x50 ./lvgl/src/lv_objx/lv_kb.o
 .rodata.kb_ctrl_lc_map
                0x0002963a       0x50 ./lvgl/src/lv_objx/lv_kb.o
 .rodata.str1.1
                0x0002968a        0xe ./lvgl/src/lv_objx/lv_label.o
 .rodata.str1.1
                0x00029698        0x8 ./lvgl/src/lv_objx/lv_list.o
                                 0x20 (size before relaxing)
 .rodata.str1.1
                0x000296a0       0x10 ./lvgl/src/lv_objx/lv_mbox.o
 .rodata.str1.1
                0x000296b0        0x8 ./lvgl/src/lv_objx/lv_page.o
 .rodata.str1.1
                0x000296b8        0xa ./lvgl/src/lv_objx/lv_slider.o
 .rodata.str1.1
                0x000296c2       0x10 ./lvgl/src/lv_objx/lv_ta.o
                                 0x11 (size before relaxing)
 .rodata.str1.1
                0x000296d2        0xb ./lvgl/src/lv_objx/lv_tabview.o
                                  0xe (size before relaxing)
 .rodata.str1.1
                0x00000000        0x1 ./lvgl/src/lv_misc/lv_fs.o
 .rodata.str1.1
                0x000296dd        0x8 ./lvgl/src/lv_misc/lv_txt.o
 *fill*         0x000296e5        0x3 
 .rodata.cmaps  0x000296e8       0x28 ./lvgl/src/lv_font/lv_font_roboto_16.o
 .rodata.kern_pair_values
                0x00029710      0x1e4 ./lvgl/src/lv_font/lv_font_roboto_16.o
 .rodata.glyph_dsc
                0x000298f4      0x490 ./lvgl/src/lv_font/lv_font_roboto_16.o
 .rodata.kern_pair_glyph_ids
                0x00029d84      0x3c8 ./lvgl/src/lv_font/lv_font_roboto_16.o
 .rodata.gylph_bitmap
                0x0002a14c     0x22e3 ./lvgl/src/lv_font/lv_font_roboto_16.o
 *fill*         0x0002c42f        0x1 
 .rodata.kern_pairs
                0x0002c430        0xc ./lvgl/src/lv_font/lv_font_roboto_16.o
 .rodata.unicode_list_1
                0x0002c43c       0x64 ./lvgl/src/lv_font/lv_font_roboto_16.o
 .rodata.seg4.5855
                0x0002c4a0        0x4 ./lvgl/src/lv_draw/lv_draw.o
 .rodata.seg3.5854
                0x0002c4a4        0x3 ./lvgl/src/lv_draw/lv_draw.o
 .rodata.seg5.5856
                0x0002c4a7        0x5 ./lvgl/src/lv_draw/lv_draw.o
 .rodata.seg2.5853
                0x0002c4ac        0x2 ./lvgl/src/lv_draw/lv_draw.o
 .rodata.seg6.5857
                0x0002c4ae        0x6 ./lvgl/src/lv_draw/lv_draw.o
 .rodata.seg1.5852
                0x0002c4b4        0x1 ./lvgl/src/lv_draw/lv_draw.o
 .rodata.seg7.5858
                0x0002c4b5        0x7 ./lvgl/src/lv_draw/lv_draw.o
 .rodata.seg8.5859
                0x0002c4bc        0x8 ./lvgl/src/lv_draw/lv_draw.o
 .rodata.seg_map.5860
                0x0002c4c4       0x20 ./lvgl/src/lv_draw/lv_draw.o
 .rodata        0x0002c4e4       0x14 ./lvgl/src/lv_draw/lv_draw_basic.o
 .rodata.str1.1
                0x0002c4f8        0x8 ./lvgl/src/lv_draw/lv_draw_img.o
 .rodata.CSWTCH.14
                0x0002c500        0xb ./lvgl/src/lv_draw/lv_draw_img.o
 .rodata.CSWTCH.22
                0x0002c50b        0x6 ./lvgl/src/lv_draw/lv_draw_label.o
 .rodata.opa_map4.6331
                0x0002c511        0x4 ./lvgl/src/lv_draw/lv_draw_rect.o
 .rodata.opa_map8.6332
                0x0002c515        0x8 ./lvgl/src/lv_draw/lv_draw_rect.o
 .rodata.opa_map3.6330
                0x0002c51d        0x3 ./lvgl/src/lv_draw/lv_draw_rect.o
 .rodata.opa_map2.6329
                0x0002c520        0x2 ./lvgl/src/lv_draw/lv_draw_rect.o
 .rodata        0x0002c522       0x14 ./lvgl/src/lv_draw/lv_img_decoder.o
 .rodata.str1.1
                0x0002c536        0x4 ./lvgl/src/lv_draw/lv_img_decoder.o
 .rodata.str1.1
                0x0002c53a        0x7 ./lvgl/src/lv_core/lv_obj.o
 *fill*         0x0002c541        0x1 
 .rodata        0x0002c542        0x6 ./lvgl/src/lv_core/lv_style.o
 .rodata.str1.1
                0x0002c548      0x176 ./lv_examples/lv_apps/tpcal/tpcal.o
 .rodata        0x0002c6be        0x6 ./lv_examples/lv_apps/demo/demo.o
 .rodata.str1.1
                0x0002c6c4       0x89 ./lv_examples/lv_apps/demo/demo.o
                                 0x8a (size before relaxing)
 .rodata.img_bubble_pattern_map
                0x0002c74d    0x36d80 ./lv_examples/lv_apps/demo/img_bubble_pattern.o
                0x0002c74d                img_bubble_pattern_map
 .rodata        0x000634cd      0x100 ./lv_drivers/indev/evdev.o
 .rodata.str1.1
                0x000635cd       0x2f ./lv_drivers/indev/evdev.o
 .rodata.str1.1
                0x000635fc       0xee ./lv_drivers/indev/touch.o
                                0x10d (size before relaxing)
 .rodata.defCal
                0x000636ea       0x14 ./lv_drivers/indev/touch.o
 .rodata.str1.1
                0x000636fe      0x11c ./lv_drivers/display/fbdev.o
 .rodata.str1.1
                0x0006381a       0x28 ./main.o

.rodata1
 *(.rodata1)

.ARM.extab      0x00063844      0x33c
 *(.ARM.extab* .gnu.linkonce.armextab.*)
 .ARM.extab     0x00063844       0x24 e:/mentorgraphics/sourcerylite-2013.11.0.33/bin/../lib/gcc/arm-none-linux-gnueabi/4.8.1/armv4t/crtbegin.o
 .ARM.extab.text.lv_bar_get_value
                0x00063868        0xc ./lvgl/src/lv_objx/lv_bar.o
 .ARM.extab.text.lv_bar_get_min_value
                0x00063874        0xc ./lvgl/src/lv_objx/lv_bar.o
 .ARM.extab.text.lv_bar_get_max_value
                0x00063880        0xc ./lvgl/src/lv_objx/lv_bar.o
 .ARM.extab.text.lv_btn_get_state
                0x0006388c        0xc ./lvgl/src/lv_objx/lv_btn.o
 .ARM.extab.text.lv_btn_get_toggle
                0x00063898        0xc ./lvgl/src/lv_objx/lv_btn.o
 .ARM.extab.text.lv_btnm_get_map_array
                0x000638a4        0xc ./lvgl/src/lv_objx/lv_btnm.o
 .ARM.extab.text.lv_btnm_get_active_btn
                0x000638b0        0xc ./lvgl/src/lv_objx/lv_btnm.o
 .ARM.extab.text.lv_cont_get_layout
                0x000638bc        0xc ./lvgl/src/lv_objx/lv_cont.o
 .ARM.extab.text.lv_cont_get_fit_left
                0x000638c8        0xc ./lvgl/src/lv_objx/lv_cont.o
 .ARM.extab.text.lv_cont_get_fit_top
                0x000638d4        0xc ./lvgl/src/lv_objx/lv_cont.o
 .ARM.extab.text.lv_img_get_src
                0x000638e0        0xc ./lvgl/src/lv_objx/lv_img.o
 .ARM.extab.text.lv_img_get_auto_size
                0x000638ec        0xc ./lvgl/src/lv_objx/lv_img.o
 .ARM.extab.text.lv_kb_set_style
                0x000638f8        0xc ./lvgl/src/lv_objx/lv_kb.o
 .ARM.extab.text.lv_label_get_text
                0x00063904        0xc ./lvgl/src/lv_objx/lv_label.o
 .ARM.extab.text.lv_label_get_long_mode
                0x00063910        0xc ./lvgl/src/lv_objx/lv_label.o
 .ARM.extab.text.lv_label_get_align
                0x0006391c        0xc ./lvgl/src/lv_objx/lv_label.o
 .ARM.extab.text.lv_label_get_recolor
                0x00063928        0xc ./lvgl/src/lv_objx/lv_label.o
 .ARM.extab.text.lv_label_get_body_draw
                0x00063934        0xc ./lvgl/src/lv_objx/lv_label.o
 .ARM.extab.text.lv_list_get_btn_text
                0x00063940        0xc ./lvgl/src/lv_objx/lv_list.o
 .ARM.extab.text.lv_list_get_btn_selected
                0x0006394c        0xc ./lvgl/src/lv_objx/lv_list.o
 .ARM.extab.text.lv_mbox_close_ready_cb
                0x00063958        0xc ./lvgl/src/lv_objx/lv_mbox.o
 .ARM.extab.text.lv_mbox_get_active_btn
                0x00063964        0xc ./lvgl/src/lv_objx/lv_mbox.o
 .ARM.extab.text.lv_mbox_get_anim_time
                0x00063970        0xc ./lvgl/src/lv_objx/lv_mbox.o
 .ARM.extab.text.lv_area_copy
                0x0006397c        0xc ./lvgl/src/lv_objx/lv_page.o
 .ARM.extab.text.lv_page_get_scrl
                0x00063988        0xc ./lvgl/src/lv_objx/lv_page.o
 .ARM.extab.text.lv_page_get_anim_time
                0x00063994        0xc ./lvgl/src/lv_objx/lv_page.o
 .ARM.extab.text.lv_page_get_edge_flash
                0x000639a0        0xc ./lvgl/src/lv_objx/lv_page.o
 .ARM.extab.text.lv_ta_get_text
                0x000639ac        0xc ./lvgl/src/lv_objx/lv_ta.o
 .ARM.extab.text.lv_ta_get_cursor_pos
                0x000639b8        0xc ./lvgl/src/lv_objx/lv_ta.o
 .ARM.extab.text.lv_ta_get_cursor_type
                0x000639c4        0xc ./lvgl/src/lv_objx/lv_ta.o
 .ARM.extab.text.lv_ta_get_accepted_chars
                0x000639d0        0xc ./lvgl/src/lv_objx/lv_ta.o
 .ARM.extab.text.lv_ta_get_max_length
                0x000639dc        0xc ./lvgl/src/lv_objx/lv_ta.o
 .ARM.extab.text.lv_cont_set_fit2.constprop.8
                0x000639e8        0xc ./lvgl/src/lv_objx/lv_tabview.o
 .ARM.extab.text.lv_tabview_get_tab_act
                0x000639f4        0xc ./lvgl/src/lv_objx/lv_tabview.o
 .ARM.extab.text.lv_tabview_get_sliding
                0x00063a00        0xc ./lvgl/src/lv_objx/lv_tabview.o
 .ARM.extab.text.lv_tabview_get_anim_time
                0x00063a0c        0xc ./lvgl/src/lv_objx/lv_tabview.o
 .ARM.extab.text.lv_anim_core_init
                0x00063a18        0xc ./lvgl/src/lv_misc/lv_anim.o
 .ARM.extab.text.lv_anim_speed_to_time
                0x00063a24        0xc ./lvgl/src/lv_misc/lv_anim.o
 .ARM.extab.text.lv_fs_init
                0x00063a30        0xc ./lvgl/src/lv_misc/lv_fs.o
 .ARM.extab.text.node_set_next.isra.0
                0x00063a3c        0xc ./lvgl/src/lv_misc/lv_ll.o
 .ARM.extab.text.node_set_prev.isra.2
                0x00063a48        0xc ./lvgl/src/lv_misc/lv_ll.o
 .ARM.extab.text.lv_ll_get_next
                0x00063a54        0xc ./lvgl/src/lv_misc/lv_ll.o
 .ARM.extab.text.lv_ll_get_prev
                0x00063a60        0xc ./lvgl/src/lv_misc/lv_ll.o
 .ARM.extab.text.lv_task_core_init
                0x00063a6c        0xc ./lvgl/src/lv_misc/lv_task.o
 .ARM.extab.text.lv_disp_is_true_double_buf
                0x00063a78        0xc ./lvgl/src/lv_hal/lv_hal_disp.o
 .ARM.extab.text.lv_indev_get_next
                0x00063a84        0xc ./lvgl/src/lv_hal/lv_hal_indev.o
 .ARM.extab.text.lv_tick_get
                0x00063a90        0xc ./lvgl/src/lv_hal/lv_hal_tick.o
 .ARM.extab.text.lv_font_get_glyph_bitmap
                0x00063a9c        0xc ./lvgl/src/lv_font/lv_font.o
 .ARM.extab.text.lv_font_get_glyph_dsc
                0x00063aa8        0xc ./lvgl/src/lv_font/lv_font.o
 .ARM.extab.text.lv_font_get_glyph_width
                0x00063ab4        0xc ./lvgl/src/lv_font/lv_font.o